Microchip MPLAB XC8 Compiler V1.34 ()

Linker command line:

--edf=/Applications/microchip/xc8/v1.34/dat/en_msgs.txt -cs \
  -h+dist/XC8_PIC12F1822/production/f2_pic12f1822.X.production.sym \
  --cmf=dist/XC8_PIC12F1822/production/f2_pic12f1822.X.production.cmf -z \
  -Q12F1822 -o/tmp/cgtv6LtSA \
  -Mdist/XC8_PIC12F1822/production/f2_pic12f1822.X.production.map -E1 \
  -ver=XC8 -ASTACK=02035h-0206fh -pstack=STACK -ACODE=00h-07FFh \
  -ASTRCODE=00h-07FFh -ASTRING=00h-0FFhx8 -ACONST=00h-0FFhx8 \
  -AENTRY=00h-0FFhx8 -ACOMMON=070h-07Fh -ABANK0=020h-06Fh -ABANK1=0A0h-0BFh \
  -ABIGRAM=02000h-0206Fh -ARAM=020h-06Fh,0A0h-0BFh \
  -AABS1=020h-07Fh,0A0h-0BFh -ASFR0=00h-01Fh -ASFR1=080h-09Fh \
  -ASFR2=0100h-016Fh -ASFR3=0180h-01EFh -ASFR4=0200h-026Fh \
  -ASFR5=0280h-02EFh -ASFR6=0300h-036Fh -ASFR7=0380h-03EFh \
  -ASFR8=0400h-046Fh -ASFR9=0480h-04EFh -ASFR10=0500h-056Fh \
  -ASFR11=0580h-05EFh -ASFR12=0600h-066Fh -ASFR13=0680h-06EFh \
  -ASFR14=0700h-076Fh -ASFR15=0780h-07EFh -ASFR16=0800h-086Fh \
  -ASFR17=0880h-08EFh -ASFR18=0900h-096Fh -ASFR19=0980h-09EFh \
  -ASFR20=0A00h-0A6Fh -ASFR21=0A80h-0AEFh -ASFR22=0B00h-0B6Fh \
  -ASFR23=0B80h-0BEFh -ASFR24=0C00h-0C6Fh -ASFR25=0C80h-0CEFh \
  -ASFR26=0D00h-0D6Fh -ASFR27=0D80h-0DEFh -ASFR28=0E00h-0E6Fh \
  -ASFR29=0E80h-0EEFh -ASFR30=0F00h-0F6Fh -ASFR31=0F80h-0FEFh \
  -preset_vec=00h,intentry=04h,init,end_init -ppowerup=CODE -pcinit=CODE \
  -pfunctab=CODE -ACONFIG=08007h-08008h -pconfig=CONFIG -DCONFIG=2 \
  -AIDLOC=08000h-08003h -pidloc=IDLOC -DIDLOC=2 -AEEDATA=00h-0FFh/0F000h \
  -peeprom_data=EEDATA -DEEDATA=2 -DCODE=2 -DSTRCODE=2 -DSTRING=2 -DCONST=2 \
  -DENTRY=2 -k /tmp/cgtOIh3cO.obj \
  dist/XC8_PIC12F1822/production/f2_pic12f1822.X.production.obj 

Object code version is 3.11

Machine type is 12F1822



                Name                               Link     Load   Length Selector   Space Scale
/tmp/cgtOIh3cO.obj
                end_init                             A5       A5        1        8       0
                reset_vec                             0        0        1        0       0
                config                             8007     8007        2    1000E       0
dist/XC8_PIC12F1822/production/f2_pic12f1822.X.production.obj
                cinit                                A6       A6       12        8       0
                intentry                              4        4       A1        8       0
                text6                               496      496       1B      752       0
                text4                               436      436       27      752       0
                text3                               47B      47B       1B      752       0
                text2                               40C      40C       2A      752       0
                text1                               45D      45D       1E      752       0
                maintext                            3A9      3A9       63      752       0
                cstackBANK0                          3D       3D        E       20       1
                cstackCOMMON                         70       70        E       70       1
                inittext                            4C1      4C1        6      752       0
                clrtext                             4BB      4BB        6      752       0
                dataBANK0                            4B       4B        A       20       1
                bssBANK0                             20       20       1D       20       1
                stringtext                          100      100      2A9        2       0
                idataBANK0                          4B1      4B1        A      752       0

TOTAL           Name                               Link     Load   Length     Space
        CLASS   STACK          

        CLASS   CODE           
                end_init                             A5       A5        1         0
                cinit                                A6       A6       12         0
                intentry                              4        4       A1         0
                reset_vec                             0        0        1         0
                text6                               496      496       1B         0
                text4                               436      436       27         0
                text3                               47B      47B       1B         0
                text2                               40C      40C       2A         0
                text1                               45D      45D       1E         0
                maintext                            3A9      3A9       63         0
                inittext                            4C1      4C1        6         0
                clrtext                             4BB      4BB        6         0
                idataBANK0                          4B1      4B1        A         0

        CLASS   STRCODE        
                stringtext                          100      100      2A9         0

        CLASS   STRING         

        CLASS   CONST          

        CLASS   ENTRY          

        CLASS   COMMON         
                cstackCOMMON                         70       70        E         1

        CLASS   BANK0          
                cstackBANK0                          3D       3D        E         1
                dataBANK0                            4B       4B        A         1
                bssBANK0                             20       20       1D         1

        CLASS   BANK1          

        CLASS   BIGRAM         

        CLASS   RAM            

        CLASS   ABS1           
                abs_s1                               7E       7E        2         1

        CLASS   SFR0           

        CLASS   SFR1           

        CLASS   SFR2           

        CLASS   SFR3           

        CLASS   SFR4           

        CLASS   SFR5           

        CLASS   SFR6           

        CLASS   SFR7           

        CLASS   SFR8           

        CLASS   SFR9           

        CLASS   SFR10          

        CLASS   SFR11          

        CLASS   SFR12          

        CLASS   SFR13          

        CLASS   SFR14          

        CLASS   SFR15          

        CLASS   SFR16          

        CLASS   SFR17          

        CLASS   SFR18          

        CLASS   SFR19          

        CLASS   SFR20          

        CLASS   SFR21          

        CLASS   SFR22          

        CLASS   SFR23          

        CLASS   SFR24          

        CLASS   SFR25          

        CLASS   SFR26          

        CLASS   SFR27          

        CLASS   SFR28          

        CLASS   SFR29          

        CLASS   SFR30          

        CLASS   SFR31          

        CLASS   CONFIG         
                config                             8007     8007        2         0

        CLASS   IDLOC          

        CLASS   EEDATA         

        CLASS   BANK31         

        CLASS   BANK30         

        CLASS   BANK29         

        CLASS   BANK28         

        CLASS   BANK27         

        CLASS   BANK26         

        CLASS   BANK25         

        CLASS   BANK24         

        CLASS   BANK23         

        CLASS   BANK22         

        CLASS   BANK21         

        CLASS   BANK20         

        CLASS   BANK19         

        CLASS   BANK18         

        CLASS   BANK17         

        CLASS   BANK16         

        CLASS   BANK15         

        CLASS   BANK14         

        CLASS   BANK13         

        CLASS   BANK12         

        CLASS   BANK11         

        CLASS   BANK10         

        CLASS   BANK9          

        CLASS   BANK8          

        CLASS   BANK7          

        CLASS   BANK6          

        CLASS   BANK5          

        CLASS   BANK4          

        CLASS   BANK3          

        CLASS   BANK2          



SEGMENTS        Name                           Load    Length   Top    Selector   Space  Class     Delta

                reset_vec                      000000  000001  000001         0       0  CODE        2
                intentry                       000004  0000B4  0000B8         8       0  CODE        2
                bssBANK0                       000020  000035  000055        20       1  BANK0       1
                cstackCOMMON                   000070  00000E  00007E        70       1  COMMON      1
                stringtext                     000100  0002A9  0003A9         2       0  STRCODE     2
                maintext                       0003A9  00011E  0004C7       752       0  CODE        2
                config                         008007  000002  008009     1000E       0  CONFIG      2


UNUSED ADDRESS RANGES

        Name                Unused          Largest block    Delta
        BANK0            00055-0006F              1B           1
        BANK1            000A0-000BF              20           1
        BIGRAM           02000-0206F              70           1
        CODE             00001-00003               3           2
                         000B8-000FF              48
                         004C7-007FF             339
        CONST            00001-00003               3           2
                         000B8-000FF              48
                         004C7-007FF             100
        EEDATA           0F000-0F0FF             100           2
        ENTRY            00001-00003               3           2
                         000B8-000FF              48
                         004C7-007FF             100
        IDLOC            08000-08003               4           2
        RAM              00055-0006F              1B           1
                         000A0-000BF              20
        SFR0             00000-0001F              20           1
        SFR1             00080-0009F              20           1
        SFR10            00500-0056F              70           1
        SFR11            00580-005EF              70           1
        SFR12            00600-0066F              70           1
        SFR13            00680-006EF              70           1
        SFR14            00700-0076F              70           1
        SFR15            00780-007EF              70           1
        SFR16            00800-0086F              70           1
        SFR17            00880-008EF              70           1
        SFR18            00900-0096F              70           1
        SFR19            00980-009EF              70           1
        SFR2             00100-0016F              70           1
        SFR20            00A00-00A6F              70           1
        SFR21            00A80-00AEF              70           1
        SFR22            00B00-00B6F              70           1
        SFR23            00B80-00BEF              70           1
        SFR24            00C00-00C6F              70           1
        SFR25            00C80-00CEF              70           1
        SFR26            00D00-00D6F              70           1
        SFR27            00D80-00DEF              70           1
        SFR28            00E00-00E6F              70           1
        SFR29            00E80-00EEF              70           1
        SFR3             00180-001EF              70           1
        SFR30            00F00-00F6F              70           1
        SFR31            00F80-00FEF              70           1
        SFR4             00200-0026F              70           1
        SFR5             00280-002EF              70           1
        SFR6             00300-0036F              70           1
        SFR7             00380-003EF              70           1
        SFR8             00400-0046F              70           1
        SFR9             00480-004EF              70           1
        STACK            02035-0206F              3B           1
        STRCODE          00001-00003               3           2
                         000B8-000FF              48
                         004C7-007FF             339
        STRING           00001-00003               3           2
                         000B8-000FF              48
                         004C7-007FF             100

                                  Symbol Table

?_UART_Available         cstackBANK0  00040
?_UART_Read              cstackBANK0  00040
?___wmul                 cstackCOMMON 00070
GlobalInt@dt             cstackBANK0  0003D
GlobalInt@x              cstackBANK0  0003E
InitUART@brg             cstackBANK0  00044
InitUART@rx              cstackBANK0  00040
InitUART@tx              cstackBANK0  00042
UART_Read@ans            cstackBANK0  00044
_ANSELA                  (abs)        0018C
_CCP1CON                 (abs)        00293
_CCP1SEL                 (abs)        008E8
_CCPR1H                  (abs)        00292
_CCPR1L                  (abs)        00291
_CREN                    (abs)        00CEC
_ENV_DELAY               bssBANK0     00024
_GIE                     (abs)        0005F
_GlobalInt               intentry     00004
_InitUART                text4        00436
_LATA                    (abs)        0010C
_OERR                    (abs)        00CE9
_OPTION_REG              (abs)        00095
_OSCCON                  (abs)        00099
_PEIE                    (abs)        0005E
_PR2                     (abs)        0001B
_RCIE                    (abs)        0048D
_RCIF                    (abs)        0008D
_RCREG                   (abs)        00199
_RCSTA                   (abs)        0019D
_RXDTSEL                 (abs)        008EF
_SPBRG                   (abs)        0019B
_T0IE                    (abs)        0005D
_T0IF                    (abs)        0005A
_T2CON                   (abs)        0001C
_TMR0                    (abs)        00015
_TMR2                    (abs)        0001A
_TMR2ON                  (abs)        000E2
_TRISA                   (abs)        0008C
_TXCKSEL                 (abs)        008EA
_TXSTA                   (abs)        0019E
_UART_Available          text3        0047B
_UART_Buffer             bssBANK0     00020
_UART_Buffer_inptr       bssBANK0     00026
_UART_Buffer_outptr      bssBANK0     00028
_UART_Read               text2        0040C
__CFG_BOREN$OFF          (abs)        00000
__CFG_FCMEN$OFF          (abs)        00000
__CFG_FOSC$INTOSC        (abs)        00000
__CFG_IESO$OFF           (abs)        00000
__CFG_LVP$OFF            (abs)        00000
__CFG_MCLRE$OFF          (abs)        00000
__CFG_STVREN$OFF         (abs)        00000
__CFG_WDTE$OFF           (abs)        00000
__Habs1                  abs1         00000
__Hbank0                 bank0        00000
__Hbank1                 bank1        00000
__Hbank10                bank10       00000
__Hbank11                bank11       00000
__Hbank12                bank12       00000
__Hbank13                bank13       00000
__Hbank14                bank14       00000
__Hbank15                bank15       00000
__Hbank16                bank16       00000
__Hbank17                bank17       00000
__Hbank18                bank18       00000
__Hbank19                bank19       00000
__Hbank2                 bank2        00000
__Hbank20                bank20       00000
__Hbank21                bank21       00000
__Hbank22                bank22       00000
__Hbank23                bank23       00000
__Hbank24                bank24       00000
__Hbank25                bank25       00000
__Hbank26                bank26       00000
__Hbank27                bank27       00000
__Hbank28                bank28       00000
__Hbank29                bank29       00000
__Hbank3                 bank3        00000
__Hbank30                bank30       00000
__Hbank31                bank31       00000
__Hbank4                 bank4        00000
__Hbank5                 bank5        00000
__Hbank6                 bank6        00000
__Hbank7                 bank7        00000
__Hbank8                 bank8        00000
__Hbank9                 bank9        00000
__Hbigram                bigram       00000
__HbssBANK0              bssBANK0     00000
__Hcinit                 cinit        000B8
__Hclrtext               clrtext      00000
__Hcode                  code         00000
__Hcommon                common       00000
__Hconfig                config       08009
__HcstackBANK0           cstackBANK0  00000
__HcstackCOMMON          cstackCOMMON 00000
__HdataBANK0             dataBANK0    00000
__Heeprom_data           eeprom_data  00000
__Hend_init              end_init     000A6
__Hfunctab               functab      00000
__HidataBANK0            idataBANK0   00000
__Hidloc                 idloc        00000
__Hinit                  init         000A5
__Hinittext              inittext     00000
__Hintentry              intentry     000A5
__Hmaintext              maintext     00000
__Hpowerup               powerup      00000
__Hram                   ram          00000
__Hreset_vec             reset_vec    00001
__Hsfr0                  sfr0         00000
__Hsfr1                  sfr1         00000
__Hsfr10                 sfr10        00000
__Hsfr11                 sfr11        00000
__Hsfr12                 sfr12        00000
__Hsfr13                 sfr13        00000
__Hsfr14                 sfr14        00000
__Hsfr15                 sfr15        00000
__Hsfr16                 sfr16        00000
__Hsfr17                 sfr17        00000
__Hsfr18                 sfr18        00000
__Hsfr19                 sfr19        00000
__Hsfr2                  sfr2         00000
__Hsfr20                 sfr20        00000
__Hsfr21                 sfr21        00000
__Hsfr22                 sfr22        00000
__Hsfr23                 sfr23        00000
__Hsfr24                 sfr24        00000
__Hsfr25                 sfr25        00000
__Hsfr26                 sfr26        00000
__Hsfr27                 sfr27        00000
__Hsfr28                 sfr28        00000
__Hsfr29                 sfr29        00000
__Hsfr3                  sfr3         00000
__Hsfr30                 sfr30        00000
__Hsfr31                 sfr31        00000
__Hsfr4                  sfr4         00000
__Hsfr5                  sfr5         00000
__Hsfr6                  sfr6         00000
__Hsfr7                  sfr7         00000
__Hsfr8                  sfr8         00000
__Hsfr9                  sfr9         00000
__Hspace_0               (abs)        08009
__Hspace_1               (abs)        0007E
__Hspace_2               (abs)        00000
__Hspace_3               (abs)        00000
__Hstack                 stack        00000
__Hstrings               strings      00000
__Hstringtext            stringtext   00000
__Htext                  text         00000
__Labs1                  abs1         00000
__Lbank0                 bank0        00000
__Lbank1                 bank1        00000
__Lbank10                bank10       00000
__Lbank11                bank11       00000
__Lbank12                bank12       00000
__Lbank13                bank13       00000
__Lbank14                bank14       00000
__Lbank15                bank15       00000
__Lbank16                bank16       00000
__Lbank17                bank17       00000
__Lbank18                bank18       00000
__Lbank19                bank19       00000
__Lbank2                 bank2        00000
__Lbank20                bank20       00000
__Lbank21                bank21       00000
__Lbank22                bank22       00000
__Lbank23                bank23       00000
__Lbank24                bank24       00000
__Lbank25                bank25       00000
__Lbank26                bank26       00000
__Lbank27                bank27       00000
__Lbank28                bank28       00000
__Lbank29                bank29       00000
__Lbank3                 bank3        00000
__Lbank30                bank30       00000
__Lbank31                bank31       00000
__Lbank4                 bank4        00000
__Lbank5                 bank5        00000
__Lbank6                 bank6        00000
__Lbank7                 bank7        00000
__Lbank8                 bank8        00000
__Lbank9                 bank9        00000
__Lbigram                bigram       00000
__LbssBANK0              bssBANK0     00000
__Lcinit                 cinit        000A6
__Lclrtext               clrtext      00000
__Lcode                  code         00000
__Lcommon                common       00000
__Lconfig                config       08007
__LcstackBANK0           cstackBANK0  00000
__LcstackCOMMON          cstackCOMMON 00000
__LdataBANK0             dataBANK0    00000
__Leeprom_data           eeprom_data  00000
__Lend_init              end_init     000A5
__Lfunctab               functab      00000
__LidataBANK0            idataBANK0   00000
__Lidloc                 idloc        00000
__Linit                  init         000A5
__Linittext              inittext     00000
__Lintentry              intentry     00004
__Lmaintext              maintext     00000
__Lpowerup               powerup      00000
__Lram                   ram          00000
__Lreset_vec             reset_vec    00000
__Lsfr0                  sfr0         00000
__Lsfr1                  sfr1         00000
__Lsfr10                 sfr10        00000
__Lsfr11                 sfr11        00000
__Lsfr12                 sfr12        00000
__Lsfr13                 sfr13        00000
__Lsfr14                 sfr14        00000
__Lsfr15                 sfr15        00000
__Lsfr16                 sfr16        00000
__Lsfr17                 sfr17        00000
__Lsfr18                 sfr18        00000
__Lsfr19                 sfr19        00000
__Lsfr2                  sfr2         00000
__Lsfr20                 sfr20        00000
__Lsfr21                 sfr21        00000
__Lsfr22                 sfr22        00000
__Lsfr23                 sfr23        00000
__Lsfr24                 sfr24        00000
__Lsfr25                 sfr25        00000
__Lsfr26                 sfr26        00000
__Lsfr27                 sfr27        00000
__Lsfr28                 sfr28        00000
__Lsfr29                 sfr29        00000
__Lsfr3                  sfr3         00000
__Lsfr30                 sfr30        00000
__Lsfr31                 sfr31        00000
__Lsfr4                  sfr4         00000
__Lsfr5                  sfr5         00000
__Lsfr6                  sfr6         00000
__Lsfr7                  sfr7         00000
__Lsfr8                  sfr8         00000
__Lsfr9                  sfr9         00000
__Lspace_0               (abs)        00000
__Lspace_1               (abs)        00000
__Lspace_2               (abs)        00000
__Lspace_3               (abs)        00000
__Lstack                 stack        00000
__Lstrings               strings      00000
__Lstringtext            stringtext   00000
__Ltext                  text         00000
__S0                     (abs)        08009
__S1                     (abs)        0007E
__S2                     (abs)        00000
__S3                     (abs)        00000
___int_sp                stack        00000
___latbits               (abs)        00000
___sp                    stack        00000
___wmul                  text6        00496
___wmul@multiplicand     cstackCOMMON 00072
___wmul@multiplier       cstackCOMMON 00070
___wmul@product          cstackCOMMON 00074
__end_of_GlobalInt       intentry     000A5
__end_of_InitUART        text4        0045D
__end_of_UART_Available  text3        00496
__end_of_UART_Read       text2        00436
__end_of___wmul          text6        004B1
__end_of__initialization cinit        000B6
__end_of_envelopeTable   stringtext   00200
__end_of_main            maintext     0040C
__end_of_onkai_d         stringtext   003A9
__end_of_onkai_f         stringtext   00355
__end_of_soundPlay       text1        0047B
__end_of_waveTable       stringtext   00300
__initialization         cinit        000A6
__pbssBANK0              bssBANK0     00020
__pcstackBANK0           cstackBANK0  0003D
__pcstackCOMMON          cstackCOMMON 00070
__pdataBANK0             dataBANK0    0004B
__pidataBANK0            idataBANK0   004B1
__pintentry              intentry     00004
__pmaintext              maintext     003A9
__pstringtext            stringtext   00100
__ptext1                 text1        0045D
__ptext2                 text2        0040C
__ptext3                 text3        0047B
__ptext4                 text4        00436
__ptext6                 text6        00496
__size_of_GlobalInt      (abs)        00000
__size_of_InitUART       (abs)        00000
__size_of_UART_Available (abs)        00000
__size_of_UART_Read      (abs)        00000
__size_of___wmul         (abs)        00000
__size_of_main           (abs)        00000
__size_of_soundPlay      (abs)        00000
_count                   bssBANK0     0002A
_dat_d                   bssBANK0     00036
_dat_f                   bssBANK0     00037
_env                     bssBANK0     00038
_envelopeCount           bssBANK0     0002C
_envelopeTable           stringtext   00100
_envelopeValue           bssBANK0     00039
_main                    maintext     003A9
_onkai_d                 stringtext   00355
_onkai_f                 stringtext   00300
_pitch                   bssBANK0     0002E
_pos                     bssBANK0     0003A
_pos_d                   bssBANK0     00030
_pos_f                   bssBANK0     00032
_scale                   dataBANK0    0004B
_soundPlay               text1        0045D
_synth_waveData          bssBANK0     0003B
_voice_on                bssBANK0     0003C
_waveData                bssBANK0     00034
_waveTable               stringtext   00200
btemp                    (abs)        0007E
clear_ram0               clrtext      004BB
end_of_initialization    cinit        000B6
init_ram                 inittext     004C1
intlevel0                functab      00000
intlevel1                functab      00000
intlevel2                functab      00000
intlevel3                functab      00000
intlevel4                functab      00000
intlevel5                functab      00000
ltemp                    (abs)        0007E
ltemp0                   (abs)        0007E
ltemp1                   (abs)        00082
ltemp2                   (abs)        00086
ltemp3                   (abs)        00080
main@data                cstackBANK0  00049
reset_vec                reset_vec    00000
soundPlay@onkai          cstackBANK0  00041
stackhi                  (abs)        0206F
stacklo                  (abs)        02035
start                    init         000A5
start_initialization     cinit        000A6
ttemp                    (abs)        0007E
ttemp0                   (abs)        0007E
ttemp1                   (abs)        00081
ttemp2                   (abs)        00084
ttemp3                   (abs)        00087
ttemp4                   (abs)        0007F
wtemp                    (abs)        0007E
wtemp0                   (abs)        0007E
wtemp1                   (abs)        00080
wtemp2                   (abs)        00082
wtemp3                   (abs)        00084
wtemp4                   (abs)        00086
wtemp5                   (abs)        00088
wtemp6                   (abs)        0007F


FUNCTION INFORMATION:

 *************** function _main *****************
 Defined at:
		line 305 in file "main.c"
 Parameters:    Size  Location     Type
		None
 Auto vars:     Size  Location     Type
  data            2   12[BANK0 ] int 
  j               2    0        int 
  i               2    0        int 
 Return value:  Size  Location     Type
		None               void
 Registers used:
		wreg, fsr0l, fsr0h, fsr1l, fsr1h, status,2, status,0, pclath, cstack
 Tracked objects:
		On entry : 
		On exit  : 
		Unchanged: 
 Data sizes:     COMMON   BANK0   BANK1
      Params:         0       0       0
      Locals:         0       2       0
      Temps:          0       1       0
      Totals:         0       3       0
Total ram usage:        3 bytes
 Hardware stack levels required when called:    3
 This function calls:
		_InitUART
		_UART_Available
		_UART_Read
		_soundPlay
 This function is called by:
		Startup code after reset
 This function uses a non-reentrant model


 *************** function _soundPlay *****************
 Defined at:
		line 253 in file "main.c"
 Parameters:    Size  Location     Type
  onkai           1    wreg     unsigned char 
 Auto vars:     Size  Location     Type
  onkai           1    4[BANK0 ] unsigned char 
 Return value:  Size  Location     Type
		None               void
 Registers used:
		wreg, fsr0l, fsr0h, status,2, pclath
 Tracked objects:
		On entry : 
		On exit  : 
		Unchanged: 
 Data sizes:     COMMON   BANK0   BANK1
      Params:         0       0       0
      Locals:         0       1       0
      Temps:          0       1       0
      Totals:         0       2       0
Total ram usage:        2 bytes
 Hardware stack levels used:    1
 Hardware stack levels required when called:    2
 This function calls:
		Nothing
 This function is called by:
		_main
 This function uses a non-reentrant model


 *************** function _UART_Read *****************
 Defined at:
		line 270 in file "main.c"
 Parameters:    Size  Location     Type
		None
 Auto vars:     Size  Location     Type
  ans             2    7[BANK0 ] unsigned int 
 Return value:  Size  Location     Type
                  2    3[BANK0 ] unsigned int 
 Registers used:
		wreg, fsr1l, fsr1h, status,2, status,0
 Tracked objects:
		On entry : 
		On exit  : 
		Unchanged: 
 Data sizes:     COMMON   BANK0   BANK1
      Params:         0       2       0
      Locals:         0       2       0
      Temps:          0       2       0
      Totals:         0       6       0
Total ram usage:        6 bytes
 Hardware stack levels used:    1
 Hardware stack levels required when called:    2
 This function calls:
		Nothing
 This function is called by:
		_main
 This function uses a non-reentrant model


 *************** function _UART_Available *****************
 Defined at:
		line 283 in file "main.c"
 Parameters:    Size  Location     Type
		None
 Auto vars:     Size  Location     Type
		None
 Return value:  Size  Location     Type
                  2    3[BANK0 ] int 
 Registers used:
		wreg, status,2, status,0
 Tracked objects:
		On entry : 
		On exit  : 
		Unchanged: 
 Data sizes:     COMMON   BANK0   BANK1
      Params:         0       2       0
      Locals:         0       0       0
      Temps:          0       6       0
      Totals:         0       8       0
Total ram usage:        8 bytes
 Hardware stack levels used:    1
 Hardware stack levels required when called:    2
 This function calls:
		Nothing
 This function is called by:
		_main
 This function uses a non-reentrant model


 *************** function _InitUART *****************
 Defined at:
		line 287 in file "main.c"
 Parameters:    Size  Location     Type
  rx              2    3[BANK0 ] int 
  tx              2    5[BANK0 ] int 
  brg             1    7[BANK0 ] unsigned char 
 Auto vars:     Size  Location     Type
		None
 Return value:  Size  Location     Type
		None               void
 Registers used:
		wreg, status,2, status,0
 Tracked objects:
		On entry : 
		On exit  : 
		Unchanged: 
 Data sizes:     COMMON   BANK0   BANK1
      Params:         0       5       0
      Locals:         0       0       0
      Temps:          0       0       0
      Totals:         0       5       0
Total ram usage:        5 bytes
 Hardware stack levels used:    1
 Hardware stack levels required when called:    2
 This function calls:
		Nothing
 This function is called by:
		_main
 This function uses a non-reentrant model


 *************** function _GlobalInt *****************
 Defined at:
		line 376 in file "main.c"
 Parameters:    Size  Location     Type
		None
 Auto vars:     Size  Location     Type
  x               2    1[BANK0 ] int 
  i               2    0        int 
  dt              1    0[BANK0 ] unsigned char 
 Return value:  Size  Location     Type
		None               void
 Registers used:
		wreg, fsr0l, fsr0h, fsr1l, fsr1h, status,2, status,0, pclath, cstack
 Tracked objects:
		On entry : 
		On exit  : 
		Unchanged: 
 Data sizes:     COMMON   BANK0   BANK1
      Params:         0       0       0
      Locals:         0       3       0
      Temps:          8       0       0
      Totals:         8       3       0
Total ram usage:       11 bytes
 Hardware stack levels used:    1
 Hardware stack levels required when called:    1
 This function calls:
		___wmul
 This function is called by:
		Interrupt level 1
 This function uses a non-reentrant model


 *************** function ___wmul *****************
 Defined at:
		line 15 in file "/Applications/microchip/xc8/v1.34/sources/common/Umul16.c"
 Parameters:    Size  Location     Type
  multiplier      2    0[COMMON] unsigned int 
  multiplicand    2    2[COMMON] unsigned int 
 Auto vars:     Size  Location     Type
  product         2    4[COMMON] unsigned int 
 Return value:  Size  Location     Type
                  2    0[COMMON] unsigned int 
 Registers used:
		wreg, status,2, status,0
 Tracked objects:
		On entry : 
		On exit  : 
		Unchanged: 
 Data sizes:     COMMON   BANK0   BANK1
      Params:         4       0       0
      Locals:         2       0       0
      Temps:          0       0       0
      Totals:         6       0       0
Total ram usage:        6 bytes
 Hardware stack levels used:    1
 This function calls:
		Nothing
 This function is called by:
		_GlobalInt
 This function uses a non-reentrant model



MODULE INFORMATION

Module		Function		Class		Link	Load	Size
/Applications/microchip/xc8/v1.34/sources/common/Umul16.c
		___wmul        		CODE           	0496	0000	28

/Applications/microchip/xc8/v1.34/sources/common/Umul16.c estimated size: 28

shared
		_onkai_d       		STRCODE        	0355	0000	85
		_envelopeTable 		STRCODE        	0100	0000	257
		_waveTable     		STRCODE        	0200	0000	257
		_onkai_f       		STRCODE        	0300	0000	86
		__initializatio		CODE           	00A6	0000	17

shared estimated size: 702

main.c
		_InitUART      		CODE           	0436	0000	40
		_UART_Read     		CODE           	040C	0000	43
		_soundPlay     		CODE           	045D	0000	31
		_UART_Available		CODE           	047B	0000	28
		_main          		CODE           	03A9	0000	100
		_GlobalInt     		CODE           	0004	0000	162

main.c estimated size: 404



FUNCTION INFORMATION:

 *************** function _main *****************
 Defined at:
		line 305 in file "main.c"
 Parameters:    Size  Location     Type
		None
 Auto vars:     Size  Location     Type
  data            2   12[BANK0 ] int 
  j               2    0        int 
  i               2    0        int 
 Return value:  Size  Location     Type
		None               void
 Registers used:
		wreg, fsr0l, fsr0h, fsr1l, fsr1h, status,2, status,0, pclath, cstack
 Tracked objects:
		On entry : 
		On exit  : 
		Unchanged: 
 Data sizes:     COMMON   BANK0   BANK1
      Params:         0       0       0
      Locals:         0       2       0
      Temps:          0       1       0
      Totals:         0       3       0
Total ram usage:        3 bytes
 Hardware stack levels required when called:    3
 This function calls:
		_InitUART
		_UART_Available
		_UART_Read
		_soundPlay
 This function is called by:
		Startup code after reset
 This function uses a non-reentrant model


 *************** function _soundPlay *****************
 Defined at:
		line 253 in file "main.c"
 Parameters:    Size  Location     Type
  onkai           1    wreg     unsigned char 
 Auto vars:     Size  Location     Type
  onkai           1    4[BANK0 ] unsigned char 
 Return value:  Size  Location     Type
		None               void
 Registers used:
		wreg, fsr0l, fsr0h, status,2, pclath
 Tracked objects:
		On entry : 
		On exit  : 
		Unchanged: 
 Data sizes:     COMMON   BANK0   BANK1
      Params:         0       0       0
      Locals:         0       1       0
      Temps:          0       1       0
      Totals:         0       2       0
Total ram usage:        2 bytes
 Hardware stack levels used:    1
 Hardware stack levels required when called:    2
 This function calls:
		Nothing
 This function is called by:
		_main
 This function uses a non-reentrant model


 *************** function _UART_Read *****************
 Defined at:
		line 270 in file "main.c"
 Parameters:    Size  Location     Type
		None
 Auto vars:     Size  Location     Type
  ans             2    7[BANK0 ] unsigned int 
 Return value:  Size  Location     Type
                  2    3[BANK0 ] unsigned int 
 Registers used:
		wreg, fsr1l, fsr1h, status,2, status,0
 Tracked objects:
		On entry : 
		On exit  : 
		Unchanged: 
 Data sizes:     COMMON   BANK0   BANK1
      Params:         0       2       0
      Locals:         0       2       0
      Temps:          0       2       0
      Totals:         0       6       0
Total ram usage:        6 bytes
 Hardware stack levels used:    1
 Hardware stack levels required when called:    2
 This function calls:
		Nothing
 This function is called by:
		_main
 This function uses a non-reentrant model


 *************** function _UART_Available *****************
 Defined at:
		line 283 in file "main.c"
 Parameters:    Size  Location     Type
		None
 Auto vars:     Size  Location     Type
		None
 Return value:  Size  Location     Type
                  2    3[BANK0 ] int 
 Registers used:
		wreg, status,2, status,0
 Tracked objects:
		On entry : 
		On exit  : 
		Unchanged: 
 Data sizes:     COMMON   BANK0   BANK1
      Params:         0       2       0
      Locals:         0       0       0
      Temps:          0       6       0
      Totals:         0       8       0
Total ram usage:        8 bytes
 Hardware stack levels used:    1
 Hardware stack levels required when called:    2
 This function calls:
		Nothing
 This function is called by:
		_main
 This function uses a non-reentrant model


 *************** function _InitUART *****************
 Defined at:
		line 287 in file "main.c"
 Parameters:    Size  Location     Type
  rx              2    3[BANK0 ] int 
  tx              2    5[BANK0 ] int 
  brg             1    7[BANK0 ] unsigned char 
 Auto vars:     Size  Location     Type
		None
 Return value:  Size  Location     Type
		None               void
 Registers used:
		wreg, status,2, status,0
 Tracked objects:
		On entry : 
		On exit  : 
		Unchanged: 
 Data sizes:     COMMON   BANK0   BANK1
      Params:         0       5       0
      Locals:         0       0       0
      Temps:          0       0       0
      Totals:         0       5       0
Total ram usage:        5 bytes
 Hardware stack levels used:    1
 Hardware stack levels required when called:    2
 This function calls:
		Nothing
 This function is called by:
		_main
 This function uses a non-reentrant model


 *************** function _GlobalInt *****************
 Defined at:
		line 376 in file "main.c"
 Parameters:    Size  Location     Type
		None
 Auto vars:     Size  Location     Type
  x               2    1[BANK0 ] int 
  i               2    0        int 
  dt              1    0[BANK0 ] unsigned char 
 Return value:  Size  Location     Type
		None               void
 Registers used:
		wreg, fsr0l, fsr0h, fsr1l, fsr1h, status,2, status,0, pclath, cstack
 Tracked objects:
		On entry : 
		On exit  : 
		Unchanged: 
 Data sizes:     COMMON   BANK0   BANK1
      Params:         0       0       0
      Locals:         0       3       0
      Temps:          8       0       0
      Totals:         8       3       0
Total ram usage:       11 bytes
 Hardware stack levels used:    1
 Hardware stack levels required when called:    1
 This function calls:
		___wmul
 This function is called by:
		Interrupt level 1
 This function uses a non-reentrant model


 *************** function ___wmul *****************
 Defined at:
		line 15 in file "/Applications/microchip/xc8/v1.34/sources/common/Umul16.c"
 Parameters:    Size  Location     Type
  multiplier      2    0[COMMON] unsigned int 
  multiplicand    2    2[COMMON] unsigned int 
 Auto vars:     Size  Location     Type
  product         2    4[COMMON] unsigned int 
 Return value:  Size  Location     Type
                  2    0[COMMON] unsigned int 
 Registers used:
		wreg, status,2, status,0
 Tracked objects:
		On entry : 
		On exit  : 
		Unchanged: 
 Data sizes:     COMMON   BANK0   BANK1
      Params:         4       0       0
      Locals:         2       0       0
      Temps:          0       0       0
      Totals:         6       0       0
Total ram usage:        6 bytes
 Hardware stack levels used:    1
 This function calls:
		Nothing
 This function is called by:
		_GlobalInt
 This function uses a non-reentrant model



MODULE INFORMATION

Module		Function		Class		Link	Load	Size
/Applications/microchip/xc8/v1.34/sources/common/Umul16.c
		___wmul        		CODE           	0496	0000	28

/Applications/microchip/xc8/v1.34/sources/common/Umul16.c estimated size: 28

shared
		_onkai_d       		STRCODE        	0355	0000	85
		_envelopeTable 		STRCODE        	0100	0000	257
		_waveTable     		STRCODE        	0200	0000	257
		_onkai_f       		STRCODE        	0300	0000	86
		__initializatio		CODE           	00A6	0000	17

shared estimated size: 702

main.c
		_InitUART      		CODE           	0436	0000	40
		_UART_Read     		CODE           	040C	0000	43
		_soundPlay     		CODE           	045D	0000	31
		_UART_Available		CODE           	047B	0000	28
		_main          		CODE           	03A9	0000	100
		_GlobalInt     		CODE           	0004	0000	162

main.c estimated size: 404

