Microchip MPLAB XC8 Compiler V2.20

Linker command line:

-W-3 --edf=/Applications/microchip/xc8/v2.20/pic/dat/en_msgs.txt -cn \
  -h+dist/default/production/torikiban2021.X.production.sym \
  --cmf=dist/default/production/torikiban2021.X.production.cmf -z -Q16F1827 \
  -o/tmp/xc3ACVDkq --defsym=__MPLAB_BUILD=1 \
  -Mdist/default/production/torikiban2021.X.production.map -E1 \
  -ver=XC8 Compiler --acfsm=1493 -ASTACK=0203Ch-0206Bh -pstack=STACK \
  -ACODE=00h-07FFhx2 -ASTRCODE=00h-0FFFh -ASTRING=00h-0FFhx16 \
  -ACONST=00h-0FFhx16 -AENTRY=00h-0FFhx16 -ACOMMON=070h-07Fh \
  -ABANK0=020h-06Fh -ABANK1=0A0h-0EFh -ABANK2=0120h-016Fh \
  -ABANK3=01A0h-01EFh -ABANK4=0220h-024Fh -ABIGRAM=02000h-0216Fh \
  -ARAM=020h-06Fh,0A0h-0EFh,0120h-016Fh,01A0h-01EFh,0220h-024Fh \
  -AABS1=020h-07Fh,0A0h-0EFh,0120h-016Fh,01A0h-01EFh,0220h-024Fh \
  -ASFR0=00h-01Fh -ASFR1=080h-09Fh -ASFR2=0100h-011Fh -ASFR3=0180h-019Fh \
  -ASFR4=0200h-021Fh -ASFR5=0280h-02EFh -ASFR6=0300h-036Fh \
  -ASFR7=0380h-03EFh -ASFR8=0400h-046Fh -ASFR9=0480h-04EFh \
  -ASFR10=0500h-056Fh -ASFR11=0580h-05EFh -ASFR12=0600h-066Fh \
  -ASFR13=0680h-06EFh -ASFR14=0700h-076Fh -ASFR15=0780h-07EFh \
  -ASFR16=0800h-086Fh -ASFR17=0880h-08EFh -ASFR18=0900h-096Fh \
  -ASFR19=0980h-09EFh -ASFR20=0A00h-0A6Fh -ASFR21=0A80h-0AEFh \
  -ASFR22=0B00h-0B6Fh -ASFR23=0B80h-0BEFh -ASFR24=0C00h-0C6Fh \
  -ASFR25=0C80h-0CEFh -ASFR26=0D00h-0D6Fh -ASFR27=0D80h-0DEFh \
  -ASFR28=0E00h-0E6Fh -ASFR29=0E80h-0EEFh -ASFR30=0F00h-0F6Fh \
  -ASFR31=0F80h-0FEFh -ACONFIG=08007h-08008h -DCONFIG=2 \
  -AIDLOC=08000h-08003h -DIDLOC=2 -preset_vec=00h,intentry,init,end_init \
  -ppowerup=CODE -pcinit=CODE -pfunctab=ENTRY -AEEDATA=00h-0FFh/0F000h \
  -peeprom_data=EEDATA -DEEDATA=2 -DCODE=2 -DSTRCODE=2 -DSTRING=2 -DCONST=2 \
  -DENTRY=2 -k /tmp/xc0S9wMPB.o \
  dist/default/production/torikiban2021.X.production.o 

Object code version is 3.11

Machine type is 16F1827



                Name                               Link     Load   Length Selector   Space Scale
/tmp/xc0S9wMPB.o
                end_init                              2        2        2        0       0
                reset_vec                             0        0        2        0       0
                config                             8007     8007        2        0       4
dist/default/production/torikiban2021.X.production.o
                cinit                               7CB      7CB       35      F96       0
                config                             8007     8007        2        0       4
                text78                               13       13       24       26       0
                text77                              B96      B96        A     172C       0
                text76                                4        4        F        0       0
                text75                              CDA      CDA       1F     19B4       0
                text74                               D4       D4       2A      1A8       0
                text73                              5FE      5FE       8D      BFC       0
                text72                               5B       5B       27       B6       0
                text71                              1F8      1F8       55      3F0       0
                text70                              C72      C72       18     18E4       0
                text69                              181      181       2F      302       0
                text68                              68B      68B       90      D16       0
                text67                              B54      B54        1     16A8       0
                text66                              B55      B55        1     16AA       0
                text65                              1B0      1B0       48      360       0
                text64                              587      587       77      B0E       0
                text63                              4A5      4A5       71      94A       0
                text62                              71B      71B       B0      E36       0
                text61                              B57      B57        2     16AE       0
                text60                               37       37       24       6E       0
                text59                              435      435       70      86A       0
                text58                              C11      C11       12     1822       0
                text57                              128      128       2C      250       0
                text56                              F79      F79       21     1EF2       0
                text55                              F9A      F9A       21     1F34       0
                text54                              B7A      B7A        7     16F4       0
                text53                              FDD      FDD       23     1FBA       0
                text52                              BD1      BD1       10     17A2       0
                text51                              154      154       2D      2A8       0
                text50                              B63      B63        5     16C6       0
                text49                              BC4      BC4        D     1788       0
                text48                              C35      C35       13     186A       0
                text47                              C5C      C5C       16     18B8       0
                text46                              CF9      CF9       20     19F2       0
                text45                              D19      D19       20     1A32       0
                text44                              D39      D39       20     1A72       0
                text43                              D59      D59       20     1AB2       0
                text42                              D79      D79       20     1AF2       0
                text41                              D99      D99       20     1B32       0
                text40                              DB9      DB9       20     1B72       0
                text39                              DD9      DD9       20     1BB2       0
                text38                              DF9      DF9       20     1BF2       0
                text37                              E19      E19       20     1C32       0
                text36                              E39      E39       20     1C72       0
                text35                              E59      E59       20     1CB2       0
                text34                              E79      E79       20     1CF2       0
                text33                              E99      E99       20     1D32       0
                text32                              EB9      EB9       20     1D72       0
                text31                              ED9      ED9       20     1DB2       0
                text30                              EF9      EF9       20     1DF2       0
                text29                              F19      F19       20     1E32       0
                text28                              F39      F39       20     1E72       0
                text27                              F59      F59       20     1EB2       0
                text26                              361      361       69      6C2       0
                text25                              C48      C48       14     1890       0
                text24                              2FC      2FC       65      5F8       0
                text23                              BE1      BE1       10     17C2       0
                text22                              B81      B81        7     1702       0
                text21                              B88      B88        7     1710       0
                text20                              C8A      C8A       1A     1914       0
                text19                              24D      24D       55      49A       0
                text18                              B56      B56        1     16AC       0
                text17                              CBE      CBE       1C     197C       0
                text16                              B8F      B8F        7     171E       0
                text15                              516      516       71      A2C       0
                text14                              CA4      CA4       1A     1948       0
                text13                               FE       FE       2A      1FC       0
                text12                               82       82       29      104       0
                text11                              B5B      B5B        4     16B6       0
                text10                              B59      B59        2     16B2       0
                text9                                AB       AB       29      156       0
                text8                               B68      B68        6     16D0       0
                text7                               B6E      B6E        6     16DC       0
                text6                               B74      B74        6     16E8       0
                text5                               FBB      FBB       22     1F76       0
                text4                               BA0      BA0        C     1740       0
                text3                               C23      C23       12     1846       0
                text2                               B5F      B5F        4     16BE       0
                text1                               BF1      BF1       10     17E2       0
                maintext                            3CA      3CA       6B      794       0
                cstackBANK0                          20       20       17       20       1
                cstackCOMMON                         70       70        E       70       1
                clrtext                             BAC      BAC        C     1758       0
                inittext                            BB8      BB8        C     1770       0
                dataBANK0                            4C       4C       10       20       1
                bssBANK0                             37       37       15       20       1
                stringtext1                         800      800       AA     1000       0
                idataBANK0                          C01      C01       10     1802       0
                idataBIGRAM                         2A2      2A2       5A      544       0

TOTAL           Name                               Link     Load   Length     Space
        CLASS   STACK          

        CLASS   CODE           
                end_init                              2        2        2         0
                cinit                               7CB      7CB       35         0
                reset_vec                             0        0        2         0
                text78                               13       13       24         0
                text77                              B96      B96        A         0
                text76                                4        4        F         0
                text75                              CDA      CDA       1F         0
                text74                               D4       D4       2A         0
                text73                              5FE      5FE       8D         0
                text72                               5B       5B       27         0
                text71                              1F8      1F8       55         0
                text70                              C72      C72       18         0
                text69                              181      181       2F         0
                text68                              68B      68B       90         0
                text67                              B54      B54        1         0
                text66                              B55      B55        1         0
                text65                              1B0      1B0       48         0
                text64                              587      587       77         0
                text63                              4A5      4A5       71         0
                text62                              71B      71B       B0         0
                text61                              B57      B57        2         0
                text60                               37       37       24         0
                text59                              435      435       70         0
                text58                              C11      C11       12         0
                text57                              128      128       2C         0
                text56                              F79      F79       21         0
                text55                              F9A      F9A       21         0
                text54                              B7A      B7A        7         0
                text53                              FDD      FDD       23         0
                text52                              BD1      BD1       10         0
                text51                              154      154       2D         0
                text50                              B63      B63        5         0
                text49                              BC4      BC4        D         0
                text48                              C35      C35       13         0
                text47                              C5C      C5C       16         0
                text46                              CF9      CF9       20         0
                text45                              D19      D19       20         0
                text44                              D39      D39       20         0
                text43                              D59      D59       20         0
                text42                              D79      D79       20         0
                text41                              D99      D99       20         0
                text40                              DB9      DB9       20         0
                text39                              DD9      DD9       20         0
                text38                              DF9      DF9       20         0
                text37                              E19      E19       20         0
                text36                              E39      E39       20         0
                text35                              E59      E59       20         0
                text34                              E79      E79       20         0
                text33                              E99      E99       20         0
                text32                              EB9      EB9       20         0
                text31                              ED9      ED9       20         0
                text30                              EF9      EF9       20         0
                text29                              F19      F19       20         0
                text28                              F39      F39       20         0
                text27                              F59      F59       20         0
                text26                              361      361       69         0
                text25                              C48      C48       14         0
                text24                              2FC      2FC       65         0
                text23                              BE1      BE1       10         0
                text22                              B81      B81        7         0
                text21                              B88      B88        7         0
                text20                              C8A      C8A       1A         0
                text19                              24D      24D       55         0
                text18                              B56      B56        1         0
                text17                              CBE      CBE       1C         0
                text16                              B8F      B8F        7         0
                text15                              516      516       71         0
                text14                              CA4      CA4       1A         0
                text13                               FE       FE       2A         0
                text12                               82       82       29         0
                text11                              B5B      B5B        4         0
                text10                              B59      B59        2         0
                text9                                AB       AB       29         0
                text8                               B68      B68        6         0
                text7                               B6E      B6E        6         0
                text6                               B74      B74        6         0
                text5                               FBB      FBB       22         0
                text4                               BA0      BA0        C         0
                text3                               C23      C23       12         0
                text2                               B5F      B5F        4         0
                text1                               BF1      BF1       10         0
                maintext                            3CA      3CA       6B         0
                clrtext                             BAC      BAC        C         0
                inittext                            BB8      BB8        C         0
                idataBANK0                          C01      C01       10         0
                idataBIGRAM                         2A2      2A2       5A         0

        CLASS   STRCODE        
                stringtext1                         800      800       AA         0

        CLASS   STRING         

        CLASS   CONST          

        CLASS   ENTRY          

        CLASS   COMMON         
                cstackCOMMON                         70       70        E         1

        CLASS   BANK0          
                cstackBANK0                          20       20       17         1
                dataBANK0                            4C       4C       10         1
                bssBANK0                             37       37       15         1

        CLASS   BANK1          

        CLASS   BANK2          

        CLASS   BANK3          

        CLASS   BANK4          

        CLASS   BIGRAM         

        CLASS   RAM            

        CLASS   ABS1           
                abs_s1                               7E       7E        2         1
                abs_s1                               BC       BC       34         1
                abs_s1                              120      120       50         1
                abs_s1                              1A0      1A0       50         1
                abs_s1                              220      220       30         1
                abs_s1                             206C     206C        0         1
                abs_s1                             20C6     20C6        0         1

        CLASS   SFR0           

        CLASS   SFR1           

        CLASS   SFR2           

        CLASS   SFR3           

        CLASS   SFR4           

        CLASS   SFR5           

        CLASS   SFR6           

        CLASS   SFR7           

        CLASS   SFR8           

        CLASS   SFR9           

        CLASS   SFR10          

        CLASS   SFR11          

        CLASS   SFR12          

        CLASS   SFR13          

        CLASS   SFR14          

        CLASS   SFR15          

        CLASS   SFR16          

        CLASS   SFR17          

        CLASS   SFR18          

        CLASS   SFR19          

        CLASS   SFR20          

        CLASS   SFR21          

        CLASS   SFR22          

        CLASS   SFR23          

        CLASS   SFR24          

        CLASS   SFR25          

        CLASS   SFR26          

        CLASS   SFR27          

        CLASS   SFR28          

        CLASS   SFR29          

        CLASS   SFR30          

        CLASS   SFR31          

        CLASS   CONFIG         
                config                             8007     8007        2         4

        CLASS   IDLOC          

        CLASS   EEDATA         

        CLASS   BANK31         

        CLASS   BANK30         

        CLASS   BANK29         

        CLASS   BANK28         

        CLASS   BANK27         

        CLASS   BANK26         

        CLASS   BANK25         

        CLASS   BANK24         

        CLASS   BANK23         

        CLASS   BANK22         

        CLASS   BANK21         

        CLASS   BANK20         

        CLASS   BANK19         

        CLASS   BANK18         

        CLASS   BANK17         

        CLASS   BANK16         

        CLASS   BANK15         

        CLASS   BANK14         

        CLASS   BANK13         

        CLASS   BANK12         

        CLASS   BANK11         

        CLASS   BANK10         

        CLASS   BANK9          

        CLASS   BANK8          

        CLASS   BANK7          

        CLASS   BANK6          

        CLASS   BANK5          



SEGMENTS        Name                           Load    Length   Top    Selector   Space  Class     Delta

                text37                         000E19  000020  000E39      1C32       0  CODE        2
                text36                         000E39  000020  000E59      1C72       0  CODE        2
                text39                         000DD9  000020  000DF9      1BB2       0  CODE        2
                text38                         000DF9  000020  000E19      1BF2       0  CODE        2
                text33                         000E99  000020  000EB9      1D32       0  CODE        2
                text32                         000EB9  000020  000ED9      1D72       0  CODE        2
                text35                         000E59  000020  000E79      1CB2       0  CODE        2
                text34                         000E79  000020  000E99      1CF2       0  CODE        2
                text45                         000D19  000020  000D39      1A32       0  CODE        2
                text44                         000D39  000020  000D59      1A72       0  CODE        2
                text75                         000CDA  00001F  000CF9      19B4       0  CODE        2
                text46                         000CF9  000020  000D19      19F2       0  CODE        2
                text41                         000D99  000020  000DB9      1B32       0  CODE        2
                text40                         000DB9  000020  000DD9      1B72       0  CODE        2
                text43                         000D59  000020  000D79      1AB2       0  CODE        2
                text42                         000D79  000020  000D99      1AF2       0  CODE        2
                text31                         000ED9  000020  000EF9      1DB2       0  CODE        2
                text72                         00005B  000027  000082        B6       0  CODE        2
                text12                         000082  000029  0000AB       104       0  CODE        2
                text78                         000013  000024  000037        26       0  CODE        2
                text60                         000037  000024  00005B        6E       0  CODE        2
                text13                         0000FE  00002A  000128       1FC       0  CODE        2
                text57                         000128  00002C  000154       250       0  CODE        2
                text9                          0000AB  000029  0000D4       156       0  CODE        2
                text74                         0000D4  00002A  0000FE       1A8       0  CODE        2
                text28                         000F39  000020  000F59      1E72       0  CODE        2
                text27                         000F59  000020  000F79      1EB2       0  CODE        2
                text30                         000EF9  000020  000F19      1DF2       0  CODE        2
                text29                         000F19  000020  000F39      1E32       0  CODE        2
                text5                          000FBB  000022  000FDD      1F76       0  CODE        2
                text53                         000FDD  000023  001000      1FBA       0  CODE        2
                text56                         000F79  000021  000F9A      1EF2       0  CODE        2
                text55                         000F9A  000021  000FBB      1F34       0  CODE        2
                text6                          000B74  000006  000B7A      16E8       0  CODE        2
                text54                         000B7A  000007  000B81      16F4       0  CODE        2
                text8                          000B68  000006  000B6E      16D0       0  CODE        2
                text7                          000B6E  000006  000B74      16DC       0  CODE        2
                text16                         000B8F  000007  000B96      171E       0  CODE        2
                text77                         000B96  00000A  000BA0      172C       0  CODE        2
                text22                         000B81  000007  000B88      1702       0  CODE        2
                text21                         000B88  000007  000B8F      1710       0  CODE        2
                text18                         000B56  000001  000B57      16AC       0  CODE        2
                text61                         000B57  000002  000B59      16AE       0  CODE        2
                text67                         000B54  000001  000B55      16A8       0  CODE        2
                text66                         000B55  000001  000B56      16AA       0  CODE        2
                text2                          000B5F  000004  000B63      16BE       0  CODE        2
                text50                         000B63  000005  000B68      16C6       0  CODE        2
                text10                         000B59  000002  000B5B      16B2       0  CODE        2
                text11                         000B5B  000004  000B5F      16B6       0  CODE        2
                text4                          000BA0  00000C  000BAC      1740       0  CODE        2
                text25                         000C48  000014  000C5C      1890       0  CODE        2
                text47                         000C5C  000016  000C72      18B8       0  CODE        2
                text3                          000C23  000012  000C35      1846       0  CODE        2
                text48                         000C35  000013  000C48      186A       0  CODE        2
                text14                         000CA4  00001A  000CBE      1948       0  CODE        2
                text17                         000CBE  00001C  000CDA      197C       0  CODE        2
                text70                         000C72  000018  000C8A      18E4       0  CODE        2
                text20                         000C8A  00001A  000CA4      1914       0  CODE        2
                text49                         000BC4  00000D  000BD1      1788       0  CODE        2
                text52                         000BD1  000010  000BE1      17A2       0  CODE        2
                clrtext                        000BAC  00000C  000BB8      1758       0  CODE        2
                inittext                       000BB8  00000C  000BC4      1770       0  CODE        2
                idataBANK0                     000C01  000010  000C11      1802       0  CODE        2
                text58                         000C11  000012  000C23      1822       0  CODE        2
                text23                         000BE1  000010  000BF1      17C2       0  CODE        2
                text1                          000BF1  000010  000C01      17E2       0  CODE        2
                reset_vec                      000000  000013  000013         0       0  CODE        2
                cstackBANK0                    000020  00003C  00005C        20       1  BANK0       1
                cstackCOMMON                   000070  00000E  00007E        70       1  COMMON      1
                cinit                          0007CB  000035  000800       F96       0  CODE        2
                text63                         0004A5  000071  000516       94A       0  CODE        2
                text15                         000516  000071  000587       A2C       0  CODE        2
                maintext                       0003CA  00006B  000435       794       0  CODE        2
                text59                         000435  000070  0004A5       86A       0  CODE        2
                text68                         00068B  000090  00071B       D16       0  CODE        2
                stringtext1                    000800  0000AA  0008AA      1000       0  STRCODE     2
                text64                         000587  000077  0005FE       B0E       0  CODE        2
                text73                         0005FE  00008D  00068B       BFC       0  CODE        2
                text65                         0001B0  000048  0001F8       360       0  CODE        2
                text71                         0001F8  000055  00024D       3F0       0  CODE        2
                text51                         000154  00002D  000181       2A8       0  CODE        2
                text69                         000181  00002F  0001B0       302       0  CODE        2
                text24                         0002FC  000065  000361       5F8       0  CODE        2
                text26                         000361  000069  0003CA       6C2       0  CODE        2
                text19                         00024D  000055  0002A2       49A       0  CODE        2
                idataBIGRAM                    0002A2  00005A  0002FC       544       0  CODE        2
                text62                         00071B  0000B0  0007CB       E36       0  CODE        2


UNUSED ADDRESS RANGES

        Name                Unused          Largest block    Delta
        BANK0            0005C-0006F              14           1
        BANK1            000A0-000BB              1C           1
        BIGRAM           02000-0216F             170           1
        CODE             008AA-00B53             2AA           2
        CONST            008AA-00B53             100           2
        EEDATA           0F000-0F0FF             100           2
        ENTRY            008AA-00B53             100           2
        IDLOC            08000-08003               4           2
        RAM              0005C-0006F              14           1
                         000A0-000BB              1C
        SFR0             00000-0001F              20           1
        SFR1             00080-0009F              20           1
        SFR10            00500-0056F              70           1
        SFR11            00580-005EF              70           1
        SFR12            00600-0066F              70           1
        SFR13            00680-006EF              70           1
        SFR14            00700-0076F              70           1
        SFR15            00780-007EF              70           1
        SFR16            00800-0086F              70           1
        SFR17            00880-008EF              70           1
        SFR18            00900-0096F              70           1
        SFR19            00980-009EF              70           1
        SFR2             00100-0011F              20           1
        SFR20            00A00-00A6F              70           1
        SFR21            00A80-00AEF              70           1
        SFR22            00B00-00B6F              70           1
        SFR23            00B80-00BEF              70           1
        SFR24            00C00-00C6F              70           1
        SFR25            00C80-00CEF              70           1
        SFR26            00D00-00D6F              70           1
        SFR27            00D80-00DEF              70           1
        SFR28            00E00-00E6F              70           1
        SFR29            00E80-00EEF              70           1
        SFR3             00180-0019F              20           1
        SFR30            00F00-00F6F              70           1
        SFR31            00F80-00FEF              70           1
        SFR4             00200-0021F              20           1
        SFR5             00280-002EF              70           1
        SFR6             00300-0036F              70           1
        SFR7             00380-003EF              70           1
        SFR8             00400-0046F              70           1
        SFR9             00480-004EF              70           1
        STACK            0203C-0206B              30           1
        STRCODE          008AA-00B53             2AA           2
        STRING           008AA-00B53             100           2

                                  Symbol Table

?_MTOUCH_Sensor_RawSample_Get                  cstackCOMMON 00076
?___wmul                                       cstackCOMMON 00070
?_abs                                          cstackCOMMON 00070
Button_Baseline_Initialize@button              cstackBANK0  00020
Button_Baseline_Update@button                  cstackCOMMON 00070
Button_DefaultCallback@button                  cstackCOMMON 00070
Button_Deviation_Update@button                 cstackCOMMON 00070
Button_Deviation_Update@deviation              cstackBANK0  00020
Button_Reading_Update@button                   cstackBANK0  00024
Button_Reading_Update_Helper@button            cstackBANK0  00020
Button_Service@button                          cstackBANK0  00031
Button_Service@name                            cstackBANK0  00030
Button_State_Initializing@button               cstackBANK0  00026
Button_State_NotPressed@button                 cstackBANK0  00026
Button_State_Pressed@button                    cstackBANK0  00026
Button_Tick_helper@button                      cstackCOMMON 00076
DELAY_microseconds@microseconds                cstackCOMMON 00070
EUSART_SetErrorHandler@interruptHandler        cstackCOMMON 00070
EUSART_SetFramingErrorHandler@interruptHandler cstackCOMMON 00070
EUSART_SetOverrunErrorHandler@interruptHandler cstackCOMMON 00070
EUSART_Write@txData                            cstackCOMMON 00070
MTOUCH_Button_Initialize@button                cstackCOMMON 0007B
MTOUCH_Button_Initialize@name                  cstackCOMMON 0007A
MTOUCH_Button_InitializeAll@button             cstackBANK0  00020
MTOUCH_Button_ServiceAll@button                cstackBANK0  00033
MTOUCH_Button_Tick@i                           cstackBANK0  00020
MTOUCH_Button_isPressed@name                   cstackCOMMON 0007A
MTOUCH_Delay@i                                 cstackCOMMON 00071
MTOUCH_Random@seed                             bssBANK0     0004B
MTOUCH_Sensor_Enable@sensor                    cstackCOMMON 0007A
MTOUCH_Sensor_Initialize@sensor                cstackCOMMON 0007B
MTOUCH_Sensor_InitializeAll@sensor             cstackCOMMON 0007D
MTOUCH_Sensor_RawSample_Get@name               cstackCOMMON 0007C
MTOUCH_Sensor_SampleAll@sensor                 cstackBANK0  00032
MTOUCH_Sensor_Sampled_ResetAll@sensor          cstackCOMMON 0007A
MTOUCH_Sensor_wasSampled@sensor                cstackCOMMON 0007A
Sensor_Acq_ExecutePacket@ADCON0_temp           cstackBANK0  00021
Sensor_Acq_ExecutePacket@ADCON1_temp           cstackBANK0  00022
Sensor_Acq_ExecutePacket@GIE_state             cstackBANK0  00023
Sensor_Acq_ExecutePacket@error                 cstackBANK0  00024
Sensor_Acq_ExecutePacket@sensor                cstackCOMMON 0007C
Sensor_Acq_ExecuteScan@result                  cstackCOMMON 0007A
Sensor_Acquisition@retry                       cstackBANK0  00028
Sensor_Acquisition@sensor                      cstackBANK0  00025
Sensor_DefaultCallback@sensor                  cstackCOMMON 00070
Sensor_RawSample_Update@sensor                 cstackCOMMON 00070
Sensor_Sampled_Reset@sensor                    cstackCOMMON 00076
Sensor_Service@error                           cstackBANK0  0002E
Sensor_Service@name                            cstackBANK0  0002D
Sensor_Service@sensor                          cstackBANK0  0002F
Sensor_isEnabled@sensor                        cstackCOMMON 00070
Sensor_setActive@sensor                        cstackCOMMON 00070
Sensor_setInactive@sensor                      cstackCOMMON 00070
Sensor_setSampled@sensor                       cstackCOMMON 00070
Sensor_setScanFunction@sensor                  cstackCOMMON 00070
_ADCON0                                        (abs)        0009D
_ADCON0bits                                    (abs)        0009D
_ADCON1                                        (abs)        0009E
_ADRES                                         (abs)        0009B
_ANSELA                                        (abs)        0018C
_ANSELB                                        (abs)        0018D
_APFCON0                                       (abs)        0011D
_APFCON1                                       (abs)        0011E
_BAUDCON                                       (abs)        0019F
_BORCON                                        (abs)        00116
_Button_Baseline_Initialize                    text69       00181
_Button_Baseline_Update                        text68       0068B
_Button_DefaultCallback                        text67       00B54
_Button_Deviation_Update                       text73       005FE
_Button_Reading_Update                         text70       00C72
_Button_Reading_Update_Helper                  text71       001F8
_Button_Service                                text59       00435
_Button_StateMachine                           dataBANK0    0004C
_Button_State_Initializing                     text63       004A5
_Button_State_NotPressed                       text62       0071B
_Button_State_Pressed                          text64       00587
_Button_Tick_helper                            text13       000FE
_DELAY_microseconds                            text78       00013
_EUSART_DefaultErrorHandler                    (abs)        00000
_EUSART_DefaultFramingErrorHandler             (abs)        00000
_EUSART_DefaultOverrunErrorHandler             (abs)        00000
_EUSART_ErrorHandler                           bssBANK0     00037
_EUSART_FramingErrorHandler                    bssBANK0     0003B
_EUSART_Initialize                             text5        00FBB
_EUSART_OverrunErrorHandler                    bssBANK0     00039
_EUSART_SetErrorHandler                        text8        00B68
_EUSART_SetFramingErrorHandler                 text7        00B6E
_EUSART_SetOverrunErrorHandler                 text6        00B74
_EUSART_Write                                  text77       00B96
_EUSART_is_tx_ready                            text76       00004
_EUSART_is_tx_ready$1029                       cstackCOMMON 00070
_GIE                                           (abs)        0005F
_INTCONbits                                    (abs)        0000B
_LATA                                          (abs)        0010C
_LATAbits                                      (abs)        0010C
_LATB                                          (abs)        0010D
_MTOUCH_Button_Initialize                      text65       001B0
_MTOUCH_Button_InitializeAll                   text56       00F79
_MTOUCH_Button_ServiceAll                      text58       00C11
_MTOUCH_Button_Tick                            text12       00082
_MTOUCH_Button_isPressed                       text74       000D4
_MTOUCH_CVD_ScanA_0                            text45       00D19
_MTOUCH_CVD_ScanA_1                            text44       00D39
_MTOUCH_CVD_ScanA_2                            text43       00D59
_MTOUCH_CVD_ScanA_3                            text42       00D79
_MTOUCH_CVD_ScanA_4                            text41       00D99
_MTOUCH_CVD_ScanA_5                            text40       00DB9
_MTOUCH_CVD_ScanA_6                            text39       00DD9
_MTOUCH_CVD_ScanA_7                            text38       00DF9
_MTOUCH_CVD_ScanA_8                            text37       00E19
_MTOUCH_CVD_ScanA_9                            text46       00CF9
_MTOUCH_CVD_ScanB_0                            text35       00E59
_MTOUCH_CVD_ScanB_1                            text34       00E79
_MTOUCH_CVD_ScanB_2                            text33       00E99
_MTOUCH_CVD_ScanB_3                            text32       00EB9
_MTOUCH_CVD_ScanB_4                            text31       00ED9
_MTOUCH_CVD_ScanB_5                            text30       00EF9
_MTOUCH_CVD_ScanB_6                            text29       00F19
_MTOUCH_CVD_ScanB_7                            text28       00F39
_MTOUCH_CVD_ScanB_8                            text27       00F59
_MTOUCH_CVD_ScanB_9                            text36       00E39
_MTOUCH_Delay                                  text48       00C35
_MTOUCH_Initialize                             text49       00BC4
_MTOUCH_Random                                 text47       00C5C
_MTOUCH_Sensor_Calibrate                       text66       00B55
_MTOUCH_Sensor_Enable                          text55       00F9A
_MTOUCH_Sensor_Initialize                      text53       00FDD
_MTOUCH_Sensor_InitializeAll                   text52       00BD1
_MTOUCH_Sensor_RawSample_Get                   text72       0005B
_MTOUCH_Sensor_SampleAll                       text14       00CA4
_MTOUCH_Sensor_Sampled_ResetAll                text51       00154
_MTOUCH_Sensor_Scan_Initialize                 text50       00B63
_MTOUCH_Sensor_isCalibrated                    text61       00B57
_MTOUCH_Sensor_wasSampled                      text60       00037
_MTOUCH_Service_Mainloop                       text9        000AB
_MTOUCH_Tick                                   text11       00B5B
_MTOUCH_needReburst                            text10       00B59
_OPTION_REGbits                                (abs)        00095
_OSCCON                                        (abs)        00099
_OSCILLATOR_Initialize                         text4        00BA0
_OSCTUNE                                       (abs)        00098
_PIN_MANAGER_Initialize                        text3        00C23
_PIR1bits                                      (abs)        00011
_PLLR                                          (abs)        004D6
_RCREG                                         (abs)        00199
_RCSTA                                         (abs)        0019D
_RCSTAbits                                     (abs)        0019D
_SPBRGH                                        (abs)        0019C
_SPBRGL                                        (abs)        0019B
_SYSTEM_Initialize                             text1        00BF1
_Sensor_Acq_ExecutePacket                      text24       002FC
_Sensor_Acq_ExecuteScan                        text26       00361
_Sensor_Acquisition                            text19       0024D
_Sensor_DefaultCallback                        text18       00B56
_Sensor_RawSample_Update                       text17       00CBE
_Sensor_Sampled_Reset                          text54       00B7A
_Sensor_Service                                text15       00516
_Sensor_isEnabled                              text23       00BE1
_Sensor_scanA                                  dataBANK0    00058
_Sensor_scanB                                  dataBANK0    00056
_Sensor_setActive                              text22       00B81
_Sensor_setInactive                            text21       00B88
_Sensor_setSampled                             text16       00B8F
_Sensor_setScanFunction                        text25       00C48
_TRISA                                         (abs)        0008C
_TRISB                                         (abs)        0008D
_TXREG                                         (abs)        0019A
_TXSTA                                         (abs)        0019E
_TXSTAbits                                     (abs)        0019E
_WDTCON                                        (abs)        00097
_WDT_Initialize                                text2        00B5F
_WPUA                                          (abs)        0020C
_WPUB                                          (abs)        0020D
__Habs1                                        abs1         00000
__Hbank0                                       bank0        00000
__Hbank1                                       bank1        00000
__Hbank10                                      bank10       00000
__Hbank11                                      bank11       00000
__Hbank12                                      bank12       00000
__Hbank13                                      bank13       00000
__Hbank14                                      bank14       00000
__Hbank15                                      bank15       00000
__Hbank16                                      bank16       00000
__Hbank17                                      bank17       00000
__Hbank18                                      bank18       00000
__Hbank19                                      bank19       00000
__Hbank2                                       bank2        00000
__Hbank20                                      bank20       00000
__Hbank21                                      bank21       00000
__Hbank22                                      bank22       00000
__Hbank23                                      bank23       00000
__Hbank24                                      bank24       00000
__Hbank25                                      bank25       00000
__Hbank26                                      bank26       00000
__Hbank27                                      bank27       00000
__Hbank28                                      bank28       00000
__Hbank29                                      bank29       00000
__Hbank3                                       bank3        00000
__Hbank30                                      bank30       00000
__Hbank31                                      bank31       00000
__Hbank4                                       bank4        00000
__Hbank5                                       bank5        00000
__Hbank6                                       bank6        00000
__Hbank7                                       bank7        00000
__Hbank8                                       bank8        00000
__Hbank9                                       bank9        00000
__Hbigram                                      bigram       00000
__HbssBANK0                                    bssBANK0     00000
__Hcinit                                       cinit        00800
__Hclrtext                                     clrtext      00000
__Hcode                                        code         00000
__Hcommon                                      common       00000
__Hconfig                                      config       08009
__HcstackBANK0                                 cstackBANK0  00000
__HcstackCOMMON                                cstackCOMMON 00000
__HdataBANK0                                   dataBANK0    00000
__Heeprom_data                                 eeprom_data  00000
__Hend_init                                    end_init     00004
__Hfunctab                                     functab      00000
__HidataBANK0                                  idataBANK0   00000
__HidataBIGRAM                                 idataBIGRAM  00000
__Hinit                                        init         00002
__Hinittext                                    inittext     00000
__Hintentry                                    intentry     00002
__Hmaintext                                    maintext     00000
__Hpowerup                                     powerup      00000
__Hram                                         ram          00000
__Hreset_vec                                   reset_vec    00002
__Hsfr0                                        sfr0         00000
__Hsfr1                                        sfr1         00000
__Hsfr10                                       sfr10        00000
__Hsfr11                                       sfr11        00000
__Hsfr12                                       sfr12        00000
__Hsfr13                                       sfr13        00000
__Hsfr14                                       sfr14        00000
__Hsfr15                                       sfr15        00000
__Hsfr16                                       sfr16        00000
__Hsfr17                                       sfr17        00000
__Hsfr18                                       sfr18        00000
__Hsfr19                                       sfr19        00000
__Hsfr2                                        sfr2         00000
__Hsfr20                                       sfr20        00000
__Hsfr21                                       sfr21        00000
__Hsfr22                                       sfr22        00000
__Hsfr23                                       sfr23        00000
__Hsfr24                                       sfr24        00000
__Hsfr25                                       sfr25        00000
__Hsfr26                                       sfr26        00000
__Hsfr27                                       sfr27        00000
__Hsfr28                                       sfr28        00000
__Hsfr29                                       sfr29        00000
__Hsfr3                                        sfr3         00000
__Hsfr30                                       sfr30        00000
__Hsfr31                                       sfr31        00000
__Hsfr4                                        sfr4         00000
__Hsfr5                                        sfr5         00000
__Hsfr6                                        sfr6         00000
__Hsfr7                                        sfr7         00000
__Hsfr8                                        sfr8         00000
__Hsfr9                                        sfr9         00000
__Hspace_0                                     (abs)        01000
__Hspace_1                                     (abs)        0007E
__Hspace_2                                     (abs)        00000
__Hspace_3                                     (abs)        00000
__Hspace_4                                     (abs)        10010
__Hstack                                       stack        00000
__Hstrings                                     strings      00000
__Hstringtext1                                 stringtext1  00000
__Htext                                        text         00000
__Labs1                                        abs1         00000
__Lbank0                                       bank0        00000
__Lbank1                                       bank1        00000
__Lbank10                                      bank10       00000
__Lbank11                                      bank11       00000
__Lbank12                                      bank12       00000
__Lbank13                                      bank13       00000
__Lbank14                                      bank14       00000
__Lbank15                                      bank15       00000
__Lbank16                                      bank16       00000
__Lbank17                                      bank17       00000
__Lbank18                                      bank18       00000
__Lbank19                                      bank19       00000
__Lbank2                                       bank2        00000
__Lbank20                                      bank20       00000
__Lbank21                                      bank21       00000
__Lbank22                                      bank22       00000
__Lbank23                                      bank23       00000
__Lbank24                                      bank24       00000
__Lbank25                                      bank25       00000
__Lbank26                                      bank26       00000
__Lbank27                                      bank27       00000
__Lbank28                                      bank28       00000
__Lbank29                                      bank29       00000
__Lbank3                                       bank3        00000
__Lbank30                                      bank30       00000
__Lbank31                                      bank31       00000
__Lbank4                                       bank4        00000
__Lbank5                                       bank5        00000
__Lbank6                                       bank6        00000
__Lbank7                                       bank7        00000
__Lbank8                                       bank8        00000
__Lbank9                                       bank9        00000
__Lbigram                                      bigram       00000
__LbssBANK0                                    bssBANK0     00000
__Lcinit                                       cinit        007CB
__Lclrtext                                     clrtext      00000
__Lcode                                        code         00000
__Lcommon                                      common       00000
__Lconfig                                      config       00000
__LcstackBANK0                                 cstackBANK0  00000
__LcstackCOMMON                                cstackCOMMON 00000
__LdataBANK0                                   dataBANK0    00000
__Leeprom_data                                 eeprom_data  00000
__Lend_init                                    end_init     00002
__Lfunctab                                     functab      00000
__LidataBANK0                                  idataBANK0   00000
__LidataBIGRAM                                 idataBIGRAM  00000
__Linit                                        init         00002
__Linittext                                    inittext     00000
__Lintentry                                    intentry     00002
__Lmaintext                                    maintext     00000
__Lpowerup                                     powerup      00000
__Lram                                         ram          00000
__Lreset_vec                                   reset_vec    00000
__Lsfr0                                        sfr0         00000
__Lsfr1                                        sfr1         00000
__Lsfr10                                       sfr10        00000
__Lsfr11                                       sfr11        00000
__Lsfr12                                       sfr12        00000
__Lsfr13                                       sfr13        00000
__Lsfr14                                       sfr14        00000
__Lsfr15                                       sfr15        00000
__Lsfr16                                       sfr16        00000
__Lsfr17                                       sfr17        00000
__Lsfr18                                       sfr18        00000
__Lsfr19                                       sfr19        00000
__Lsfr2                                        sfr2         00000
__Lsfr20                                       sfr20        00000
__Lsfr21                                       sfr21        00000
__Lsfr22                                       sfr22        00000
__Lsfr23                                       sfr23        00000
__Lsfr24                                       sfr24        00000
__Lsfr25                                       sfr25        00000
__Lsfr26                                       sfr26        00000
__Lsfr27                                       sfr27        00000
__Lsfr28                                       sfr28        00000
__Lsfr29                                       sfr29        00000
__Lsfr3                                        sfr3         00000
__Lsfr30                                       sfr30        00000
__Lsfr31                                       sfr31        00000
__Lsfr4                                        sfr4         00000
__Lsfr5                                        sfr5         00000
__Lsfr6                                        sfr6         00000
__Lsfr7                                        sfr7         00000
__Lsfr8                                        sfr8         00000
__Lsfr9                                        sfr9         00000
__Lspace_0                                     (abs)        00000
__Lspace_1                                     (abs)        00000
__Lspace_2                                     (abs)        00000
__Lspace_3                                     (abs)        00000
__Lspace_4                                     (abs)        00000
__Lstack                                       stack        00000
__Lstrings                                     strings      00000
__Lstringtext1                                 stringtext1  00000
__Ltext                                        text         00000
__S0                                           (abs)        01000
__S1                                           (abs)        0007E
__S2                                           (abs)        00000
__S3                                           (abs)        00000
___int_sp                                      stack        00000
___latbits                                     (abs)        00001
___sp                                          stack        00000
___stackhi                                     (abs)        0206B
___stacklo                                     (abs)        0203C
___wmul                                        text75       00CDA
___wmul@multiplicand                           cstackCOMMON 00072
___wmul@multiplier                             cstackCOMMON 00070
___wmul@product                                cstackCOMMON 00074
__end_of_Button_Baseline_Initialize            text69       001B0
__end_of_Button_Baseline_Update                text68       0071B
__end_of_Button_DefaultCallback                text67       00B55
__end_of_Button_Deviation_Update               text73       0068B
__end_of_Button_Reading_Update                 text70       00C8A
__end_of_Button_Reading_Update_Helper          text71       0024D
__end_of_Button_Service                        text59       004A5
__end_of_Button_State_Initializing             text63       00516
__end_of_Button_State_NotPressed               text62       007CB
__end_of_Button_State_Pressed                  text64       005FE
__end_of_Button_Tick_helper                    text13       00128
__end_of_DELAY_microseconds                    text78       00037
__end_of_EUSART_Initialize                     text5        00FDD
__end_of_EUSART_SetErrorHandler                text8        00B6E
__end_of_EUSART_SetFramingErrorHandler         text7        00B74
__end_of_EUSART_SetOverrunErrorHandler         text6        00B7A
__end_of_EUSART_Write                          text77       00BA0
__end_of_EUSART_is_tx_ready                    text76       00013
__end_of_MTOUCH_Button_Initialize              text65       001F8
__end_of_MTOUCH_Button_InitializeAll           text56       00F9A
__end_of_MTOUCH_Button_ServiceAll              text58       00C23
__end_of_MTOUCH_Button_Tick                    text12       000AB
__end_of_MTOUCH_Button_isPressed               text74       000FE
__end_of_MTOUCH_CVD_ScanA_0                    text45       00D39
__end_of_MTOUCH_CVD_ScanA_1                    text44       00D59
__end_of_MTOUCH_CVD_ScanA_2                    text43       00D79
__end_of_MTOUCH_CVD_ScanA_3                    text42       00D99
__end_of_MTOUCH_CVD_ScanA_4                    text41       00DB9
__end_of_MTOUCH_CVD_ScanA_5                    text40       00DD9
__end_of_MTOUCH_CVD_ScanA_6                    text39       00DF9
__end_of_MTOUCH_CVD_ScanA_7                    text38       00E19
__end_of_MTOUCH_CVD_ScanA_8                    text37       00E39
__end_of_MTOUCH_CVD_ScanA_9                    text46       00D19
__end_of_MTOUCH_CVD_ScanB_0                    text35       00E79
__end_of_MTOUCH_CVD_ScanB_1                    text34       00E99
__end_of_MTOUCH_CVD_ScanB_2                    text33       00EB9
__end_of_MTOUCH_CVD_ScanB_3                    text32       00ED9
__end_of_MTOUCH_CVD_ScanB_4                    text31       00EF9
__end_of_MTOUCH_CVD_ScanB_5                    text30       00F19
__end_of_MTOUCH_CVD_ScanB_6                    text29       00F39
__end_of_MTOUCH_CVD_ScanB_7                    text28       00F59
__end_of_MTOUCH_CVD_ScanB_8                    text27       00F79
__end_of_MTOUCH_CVD_ScanB_9                    text36       00E59
__end_of_MTOUCH_Delay                          text48       00C48
__end_of_MTOUCH_Initialize                     text49       00BD1
__end_of_MTOUCH_Random                         text47       00C72
__end_of_MTOUCH_Sensor_Calibrate               text66       00B56
__end_of_MTOUCH_Sensor_Enable                  text55       00FBB
__end_of_MTOUCH_Sensor_Initialize              text53       01000
__end_of_MTOUCH_Sensor_InitializeAll           text52       00BE1
__end_of_MTOUCH_Sensor_RawSample_Get           text72       00082
__end_of_MTOUCH_Sensor_SampleAll               text14       00CBE
__end_of_MTOUCH_Sensor_Sampled_ResetAll        text51       00181
__end_of_MTOUCH_Sensor_Scan_Initialize         text50       00B68
__end_of_MTOUCH_Sensor_isCalibrated            text61       00B59
__end_of_MTOUCH_Sensor_wasSampled              text60       0005B
__end_of_MTOUCH_Service_Mainloop               text9        000D4
__end_of_MTOUCH_Tick                           text11       00B5F
__end_of_MTOUCH_needReburst                    text10       00B5B
__end_of_OSCILLATOR_Initialize                 text4        00BAC
__end_of_PIN_MANAGER_Initialize                text3        00C35
__end_of_SYSTEM_Initialize                     text1        00C01
__end_of_Sensor_Acq_ExecutePacket              text24       00361
__end_of_Sensor_Acq_ExecuteScan                text26       003CA
__end_of_Sensor_Acquisition                    text19       002A2
__end_of_Sensor_DefaultCallback                text18       00B57
__end_of_Sensor_RawSample_Update               text17       00CDA
__end_of_Sensor_Sampled_Reset                  text54       00B81
__end_of_Sensor_Service                        text15       00587
__end_of_Sensor_isEnabled                      text23       00BF1
__end_of_Sensor_setActive                      text22       00B88
__end_of_Sensor_setInactive                    text21       00B8F
__end_of_Sensor_setSampled                     text16       00B96
__end_of_Sensor_setScanFunction                text25       00C5C
__end_of_WDT_Initialize                        text2        00B63
__end_of___wmul                                text75       00CF9
__end_of__initialization                       cinit        007FD
__end_of_abs                                   text20       00CA4
__end_of_main                                  maintext     00435
__end_of_memcpy                                text57       00154
__end_of_mtouch_button_init                    stringtext1  008AA
__initialization                               cinit        007CB
__pbssBANK0                                    bssBANK0     00037
__pbssBIGRAM                                   (abs)        020C6
__pcstackBANK0                                 cstackBANK0  00020
__pcstackCOMMON                                cstackCOMMON 00070
__pdataBANK0                                   dataBANK0    0004C
__pdataBIGRAM                                  (abs)        0206C
__pidataBANK0                                  idataBANK0   00C01
__pidataBIGRAM                                 idataBIGRAM  002A2
__pmaintext                                    maintext     003CA
__pstringtext1                                 stringtext1  00800
__ptext1                                       text1        00BF1
__ptext10                                      text10       00B59
__ptext11                                      text11       00B5B
__ptext12                                      text12       00082
__ptext13                                      text13       000FE
__ptext14                                      text14       00CA4
__ptext15                                      text15       00516
__ptext16                                      text16       00B8F
__ptext17                                      text17       00CBE
__ptext18                                      text18       00B56
__ptext19                                      text19       0024D
__ptext2                                       text2        00B5F
__ptext20                                      text20       00C8A
__ptext21                                      text21       00B88
__ptext22                                      text22       00B81
__ptext23                                      text23       00BE1
__ptext24                                      text24       002FC
__ptext25                                      text25       00C48
__ptext26                                      text26       00361
__ptext27                                      text27       00F59
__ptext28                                      text28       00F39
__ptext29                                      text29       00F19
__ptext3                                       text3        00C23
__ptext30                                      text30       00EF9
__ptext31                                      text31       00ED9
__ptext32                                      text32       00EB9
__ptext33                                      text33       00E99
__ptext34                                      text34       00E79
__ptext35                                      text35       00E59
__ptext36                                      text36       00E39
__ptext37                                      text37       00E19
__ptext38                                      text38       00DF9
__ptext39                                      text39       00DD9
__ptext4                                       text4        00BA0
__ptext40                                      text40       00DB9
__ptext41                                      text41       00D99
__ptext42                                      text42       00D79
__ptext43                                      text43       00D59
__ptext44                                      text44       00D39
__ptext45                                      text45       00D19
__ptext46                                      text46       00CF9
__ptext47                                      text47       00C5C
__ptext48                                      text48       00C35
__ptext49                                      text49       00BC4
__ptext5                                       text5        00FBB
__ptext50                                      text50       00B63
__ptext51                                      text51       00154
__ptext52                                      text52       00BD1
__ptext53                                      text53       00FDD
__ptext54                                      text54       00B7A
__ptext55                                      text55       00F9A
__ptext56                                      text56       00F79
__ptext57                                      text57       00128
__ptext58                                      text58       00C11
__ptext59                                      text59       00435
__ptext6                                       text6        00B74
__ptext60                                      text60       00037
__ptext61                                      text61       00B57
__ptext62                                      text62       0071B
__ptext63                                      text63       004A5
__ptext64                                      text64       00587
__ptext65                                      text65       001B0
__ptext66                                      text66       00B55
__ptext67                                      text67       00B54
__ptext68                                      text68       0068B
__ptext69                                      text69       00181
__ptext7                                       text7        00B6E
__ptext70                                      text70       00C72
__ptext71                                      text71       001F8
__ptext72                                      text72       0005B
__ptext73                                      text73       005FE
__ptext74                                      text74       000D4
__ptext75                                      text75       00CDA
__ptext76                                      text76       00004
__ptext77                                      text77       00B96
__ptext78                                      text78       00013
__ptext8                                       text8        00B68
__ptext9                                       text9        000AB
__size_of_Button_Baseline_Initialize           (abs)        00000
__size_of_Button_Baseline_Update               (abs)        00000
__size_of_Button_DefaultCallback               (abs)        00000
__size_of_Button_Deviation_Update              (abs)        00000
__size_of_Button_Reading_Update                (abs)        00000
__size_of_Button_Reading_Update_Helper         (abs)        00000
__size_of_Button_Service                       (abs)        00000
__size_of_Button_State_Initializing            (abs)        00000
__size_of_Button_State_NotPressed              (abs)        00000
__size_of_Button_State_Pressed                 (abs)        00000
__size_of_Button_Tick_helper                   (abs)        00000
__size_of_DELAY_microseconds                   (abs)        00000
__size_of_EUSART_Initialize                    (abs)        00000
__size_of_EUSART_SetErrorHandler               (abs)        00000
__size_of_EUSART_SetFramingErrorHandler        (abs)        00000
__size_of_EUSART_SetOverrunErrorHandler        (abs)        00000
__size_of_EUSART_Write                         (abs)        00000
__size_of_EUSART_is_tx_ready                   (abs)        00000
__size_of_MTOUCH_Button_Initialize             (abs)        00000
__size_of_MTOUCH_Button_InitializeAll          (abs)        00000
__size_of_MTOUCH_Button_ServiceAll             (abs)        00000
__size_of_MTOUCH_Button_Tick                   (abs)        00000
__size_of_MTOUCH_Button_isPressed              (abs)        00000
__size_of_MTOUCH_CVD_ScanA_0                   (abs)        00000
__size_of_MTOUCH_CVD_ScanA_1                   (abs)        00000
__size_of_MTOUCH_CVD_ScanA_2                   (abs)        00000
__size_of_MTOUCH_CVD_ScanA_3                   (abs)        00000
__size_of_MTOUCH_CVD_ScanA_4                   (abs)        00000
__size_of_MTOUCH_CVD_ScanA_5                   (abs)        00000
__size_of_MTOUCH_CVD_ScanA_6                   (abs)        00000
__size_of_MTOUCH_CVD_ScanA_7                   (abs)        00000
__size_of_MTOUCH_CVD_ScanA_8                   (abs)        00000
__size_of_MTOUCH_CVD_ScanA_9                   (abs)        00000
__size_of_MTOUCH_CVD_ScanB_0                   (abs)        00000
__size_of_MTOUCH_CVD_ScanB_1                   (abs)        00000
__size_of_MTOUCH_CVD_ScanB_2                   (abs)        00000
__size_of_MTOUCH_CVD_ScanB_3                   (abs)        00000
__size_of_MTOUCH_CVD_ScanB_4                   (abs)        00000
__size_of_MTOUCH_CVD_ScanB_5                   (abs)        00000
__size_of_MTOUCH_CVD_ScanB_6                   (abs)        00000
__size_of_MTOUCH_CVD_ScanB_7                   (abs)        00000
__size_of_MTOUCH_CVD_ScanB_8                   (abs)        00000
__size_of_MTOUCH_CVD_ScanB_9                   (abs)        00000
__size_of_MTOUCH_Delay                         (abs)        00000
__size_of_MTOUCH_Initialize                    (abs)        00000
__size_of_MTOUCH_Random                        (abs)        00000
__size_of_MTOUCH_Sensor_Calibrate              (abs)        00000
__size_of_MTOUCH_Sensor_Enable                 (abs)        00000
__size_of_MTOUCH_Sensor_Initialize             (abs)        00000
__size_of_MTOUCH_Sensor_InitializeAll          (abs)        00000
__size_of_MTOUCH_Sensor_RawSample_Get          (abs)        00000
__size_of_MTOUCH_Sensor_SampleAll              (abs)        00000
__size_of_MTOUCH_Sensor_Sampled_ResetAll       (abs)        00000
__size_of_MTOUCH_Sensor_Scan_Initialize        (abs)        00000
__size_of_MTOUCH_Sensor_isCalibrated           (abs)        00000
__size_of_MTOUCH_Sensor_wasSampled             (abs)        00000
__size_of_MTOUCH_Service_Mainloop              (abs)        00000
__size_of_MTOUCH_Tick                          (abs)        00000
__size_of_MTOUCH_needReburst                   (abs)        00000
__size_of_OSCILLATOR_Initialize                (abs)        00000
__size_of_PIN_MANAGER_Initialize               (abs)        00000
__size_of_SYSTEM_Initialize                    (abs)        00000
__size_of_Sensor_Acq_ExecutePacket             (abs)        00000
__size_of_Sensor_Acq_ExecuteScan               (abs)        00000
__size_of_Sensor_Acquisition                   (abs)        00000
__size_of_Sensor_DefaultCallback               (abs)        00000
__size_of_Sensor_RawSample_Update              (abs)        00000
__size_of_Sensor_Sampled_Reset                 (abs)        00000
__size_of_Sensor_Service                       (abs)        00000
__size_of_Sensor_isEnabled                     (abs)        00000
__size_of_Sensor_setActive                     (abs)        00000
__size_of_Sensor_setInactive                   (abs)        00000
__size_of_Sensor_setSampled                    (abs)        00000
__size_of_Sensor_setScanFunction               (abs)        00000
__size_of_WDT_Initialize                       (abs)        00000
__size_of___wmul                               (abs)        00000
__size_of_abs                                  (abs)        00000
__size_of_main                                 (abs)        00000
__size_of_memcpy                               (abs)        00000
_abs                                           text20       00C8A
_callback_notPressed                           dataBANK0    00052
_callback_pressed                              dataBANK0    00054
_callback_sampled                              dataBANK0    0005A
_currentScannSensor                            bssBANK0     00047
_duty                                          bssBANK0     00041
_eusartRxLastError                             bssBANK0     00043
_led                                           bssBANK0     0003F
_lowpowerActivated                             bssBANK0     00044
_main                                          maintext     003CA
_memcpy                                        text57       00128
_mtouch_button                                 (abs)        020C6
_mtouch_button_init                            stringtext1  00800
_mtouch_request_init                           bssBANK0     00049
_mtouch_sensor                                 (abs)        0206C
_mtouch_time_toScan                            bssBANK0     0004A
_packet_counter                                bssBANK0     00046
_packet_sample                                 bssBANK0     0003D
_sample_delay                                  bssBANK0     00045
_sensor_globalFlags                            bssBANK0     00048
abs@a                                          cstackCOMMON 00070
btemp                                          (abs)        0007E
clear_ram0                                     clrtext      00BAC
end_of_initialization                          cinit        007FD
init_ram                                       inittext     00BB8
intlevel0                                      functab      00000
intlevel1                                      functab      00000
intlevel2                                      functab      00000
intlevel3                                      functab      00000
intlevel4                                      functab      00000
intlevel5                                      functab      00000
main@i                                         cstackBANK0  00036
memcpy@d                                       cstackCOMMON 00077
memcpy@d1                                      cstackCOMMON 00070
memcpy@n                                       cstackCOMMON 00074
memcpy@s                                       cstackCOMMON 00079
memcpy@s1                                      cstackCOMMON 00072
memcpy@tmp                                     cstackCOMMON 0007B
reset_vec                                      reset_vec    00000
start                                          init         00002
start_initialization                           cinit        007CB
wtemp0                                         (abs)        0007E


FUNCTION INFORMATION:

 *************** function _main *****************
 Defined at:
		line 49 in file "main.c"
 Parameters:    Size  Location     Type
		None
 Auto vars:     Size  Location     Type
  i               1   22[BANK0 ] unsigned char 
  last_touch      1    0        unsigned char 
 Return value:  Size  Location     Type
                  1    wreg      void 
 Registers used:
		wreg, fsr0l, fsr0h, fsr1l, fsr1h, status,2, status,0, pclath, cstack
 Tracked objects:
		On entry : 
		On exit  : 
		Unchanged: 
 Data sizes:     COMMON   BANK0   BANK1   BANK2   BANK3   BANK4
      Params:         0       0       0       0       0       0
      Locals:         0       1       0       0       0       0
      Temps:          0       1       0       0       0       0
      Totals:         0       2       0       0       0       0
Total ram usage:        2 bytes
 Hardware stack levels required when called:    7
 This function calls:
		_DELAY_microseconds
		_EUSART_Write
		_EUSART_is_tx_ready
		_MTOUCH_Button_isPressed
		_MTOUCH_Service_Mainloop
		_SYSTEM_Initialize
 This function is called by:
		Startup code after reset
 This function uses a non-reentrant model


 *************** function _SYSTEM_Initialize *****************
 Defined at:
		line 50 in file "mcc_generated_files/mcc.c"
 Parameters:    Size  Location     Type
		None
 Auto vars:     Size  Location     Type
		None
 Return value:  Size  Location     Type
                  1    wreg      void 
 Registers used:
		wreg, fsr0l, fsr0h, fsr1l, fsr1h, status,2, status,0, pclath, cstack
 Tracked objects:
		On entry : 
		On exit  : 
		Unchanged: 
 Data sizes:     COMMON   BANK0   BANK1   BANK2   BANK3   BANK4
      Params:         0       0       0       0       0       0
      Locals:         0       0       0       0       0       0
      Temps:          0       0       0       0       0       0
      Totals:         0       0       0       0       0       0
Total ram usage:        0 bytes
 Hardware stack levels used:    1
 Hardware stack levels required when called:    5
 This function calls:
		_EUSART_Initialize
		_MTOUCH_Initialize
		_OSCILLATOR_Initialize
		_PIN_MANAGER_Initialize
		_WDT_Initialize
 This function is called by:
		_main
[...]
		_MTOUCH_Button_InitializeAll
		_Button_Service
		_Button_State_NotPressed
		_Button_State_Pressed
 This function uses a non-reentrant model


 *************** function _MTOUCH_Sensor_Calibrate *****************
 Defined at:
		line 543 in file "mcc_generated_files/mtouch/mtouch_sensor.c"
 Parameters:    Size  Location     Type
  sensor          1    wreg     enum E2470
 Auto vars:     Size  Location     Type
  sensor          1    0[COMMON] enum E2470
 Return value:  Size  Location     Type
                  1    wreg      void 
 Registers used:
		wreg
 Tracked objects:
		On entry : 
		On exit  : 
		Unchanged: 
 Data sizes:     COMMON   BANK0   BANK1   BANK2   BANK3   BANK4
      Params:         0       0       0       0       0       0
      Locals:         0       0       0       0       0       0
      Temps:          0       0       0       0       0       0
      Totals:         0       0       0       0       0       0
Total ram usage:        0 bytes
 Hardware stack levels used:    1
 This function calls:
		Nothing
 This function is called by:
		_MTOUCH_Button_Initialize
 This function uses a non-reentrant model


 *************** function _Button_DefaultCallback *****************
 Defined at:
		line 604 in file "mcc_generated_files/mtouch/mtouch_button.c"
 Parameters:    Size  Location     Type
  button          1    0[COMMON] enum E2698
 Auto vars:     Size  Location     Type
		None
 Return value:  Size  Location     Type
                  1    wreg      void 
 Registers used:
		None
 Tracked objects:
		On entry : 
		On exit  : 
		Unchanged: 
 Data sizes:     COMMON   BANK0   BANK1   BANK2   BANK3   BANK4
      Params:         1       0       0       0       0       0
      Locals:         0       0       0       0       0       0
      Temps:          0       0       0       0       0       0
      Totals:         1       0       0       0       0       0
Total ram usage:        1 bytes
 Hardware stack levels used:    1
 This function calls:
		Nothing
 This function is called by:
		_Button_State_NotPressed
		_Button_State_Pressed
 This function uses a non-reentrant model


 *************** function _Button_Baseline_Update *****************
 Defined at:
		line 558 in file "mcc_generated_files/mtouch/mtouch_button.c"
 Parameters:    Size  Location     Type
  button          2    0[COMMON] PTR struct .
		 -> mtouch_button(170), 
 Auto vars:     Size  Location     Type
		None
 Return value:  Size  Location     Type
                  1    wreg      void 
 Registers used:
		wreg, fsr1l, fsr1h, status,2, status,0
 Tracked objects:
		On entry : 
		On exit  : 
		Unchanged: 
 Data sizes:     COMMON   BANK0   BANK1   BANK2   BANK3   BANK4
      Params:         2       0       0       0       0       0
      Locals:         0       0       0       0       0       0
      Temps:          6       0       0       0       0       0
      Totals:         8       0       0       0       0       0
Total ram usage:        8 bytes
 Hardware stack levels used:    1
 This function calls:
		Nothing
 This function is called by:
		_Button_State_Initializing
		_Button_State_NotPressed
 This function uses a non-reentrant model


 *************** function _Button_Baseline_Initialize *****************
 Defined at:
		line 552 in file "mcc_generated_files/mtouch/mtouch_button.c"
 Parameters:    Size  Location     Type
  button          2    0[BANK0 ] PTR struct .
		 -> mtouch_button(170), 
 Auto vars:     Size  Location     Type
		None
 Return value:  Size  Location     Type
                  1    wreg      void 
 Registers used:
		wreg, fsr1l, fsr1h, status,2, status,0, pclath, cstack
 Tracked objects:
		On entry : 
		On exit  : 
		Unchanged: 
 Data sizes:     COMMON   BANK0   BANK1   BANK2   BANK3   BANK4
      Params:         0       2       0       0       0       0
      Locals:         0       0       0       0       0       0
      Temps:          0       4       0       0       0       0
      Totals:         0       6       0       0       0       0
Total ram usage:        6 bytes
 Hardware stack levels used:    1
 Hardware stack levels required when called:    2
 This function calls:
		_MTOUCH_Sensor_RawSample_Get
 This function is called by:
		_Button_State_Initializing
 This function uses a non-reentrant model


 *************** function _Button_Reading_Update *****************
 Defined at:
		line 525 in file "mcc_generated_files/mtouch/mtouch_button.c"
 Parameters:    Size  Location     Type
  button          2    4[BANK0 ] PTR struct .
		 -> mtouch_button(170), 
 Auto vars:     Size  Location     Type
		None
 Return value:  Size  Location     Type
                  1    wreg      void 
 Registers used:
		wreg, fsr1l, fsr1h, status,2, status,0, pclath, cstack
 Tracked objects:
		On entry : 
		On exit  : 
		Unchanged: 
 Data sizes:     COMMON   BANK0   BANK1   BANK2   BANK3   BANK4
      Params:         0       2       0       0       0       0
      Locals:         0       0       0       0       0       0
      Temps:          0       0       0       0       0       0
      Totals:         0       2       0       0       0       0
Total ram usage:        2 bytes
 Hardware stack levels used:    1
 Hardware stack levels required when called:    3
 This function calls:
		_Button_Reading_Update_Helper
 This function is called by:
		_Button_Service
 This function uses a non-reentrant model


 *************** function _Button_Reading_Update_Helper *****************
 Defined at:
		line 539 in file "mcc_generated_files/mtouch/mtouch_button.c"
 Parameters:    Size  Location     Type
  button          2    0[BANK0 ] PTR struct .
		 -> mtouch_button(170), 
 Auto vars:     Size  Location     Type
		None
 Return value:  Size  Location     Type
                  1    wreg      void 
 Registers used:
		wreg, fsr1l, fsr1h, status,2, status,0, pclath, cstack
 Tracked objects:
		On entry : 
		On exit  : 
		Unchanged: 
 Data sizes:     COMMON   BANK0   BANK1   BANK2   BANK3   BANK4
      Params:         0       2       0       0       0       0
      Locals:         0       0       0       0       0       0
      Temps:          0       2       0       0       0       0
      Totals:         0       4       0       0       0       0
Total ram usage:        4 bytes
 Hardware stack levels used:    1
 Hardware stack levels required when called:    2
 This function calls:
		_MTOUCH_Sensor_RawSample_Get
 This function is called by:
		_Button_Reading_Update
 This function uses a non-reentrant model


 *************** function _MTOUCH_Sensor_RawSample_Get *****************
 Defined at:
		line 428 in file "mcc_generated_files/mtouch/mtouch_sensor.c"
 Parameters:    Size  Location     Type
  name            1    wreg     enum E2470
 Auto vars:     Size  Location     Type
  name            1   12[COMMON] enum E2470
 Return value:  Size  Location     Type
                  2    6[COMMON] unsigned short 
 Registers used:
		wreg, fsr1l, fsr1h, status,2, status,0, pclath, cstack
 Tracked objects:
		On entry : 
		On exit  : 
		Unchanged: 
 Data sizes:     COMMON   BANK0   BANK1   BANK2   BANK3   BANK4
      Params:         2       0       0       0       0       0
      Locals:         1       0       0       0       0       0
      Temps:          4       0       0       0       0       0
      Totals:         7       0       0       0       0       0
Total ram usage:        7 bytes
 Hardware stack levels used:    1
 Hardware stack levels required when called:    1
 This function calls:
		___wmul
 This function is called by:
		_Button_Reading_Update_Helper
		_Button_Baseline_Initialize
 This function uses a non-reentrant model


 *************** function _Button_Deviation_Update *****************
 Defined at:
		line 476 in file "mcc_generated_files/mtouch/mtouch_button.c"
 Parameters:    Size  Location     Type
  button          2    0[COMMON] PTR struct .
		 -> mtouch_button(170), 
 Auto vars:     Size  Location     Type
  deviation       4    0[BANK0 ] long 
 Return value:  Size  Location     Type
                  1    wreg      void 
 Registers used:
		wreg, fsr1l, fsr1h, status,2, status,0
 Tracked objects:
		On entry : 
		On exit  : 
		Unchanged: 
 Data sizes:     COMMON   BANK0   BANK1   BANK2   BANK3   BANK4
      Params:         2       0       0       0       0       0
      Locals:         0       4       0       0       0       0
      Temps:         10       0       0       0       0       0
      Totals:        12       4       0       0       0       0
Total ram usage:       16 bytes
 Hardware stack levels used:    1
 This function calls:
		Nothing
 This function is called by:
		_Button_Service
 This function uses a non-reentrant model


 *************** function _MTOUCH_Button_isPressed *****************
 Defined at:
		line 451 in file "mcc_generated_files/mtouch/mtouch_button.c"
 Parameters:    Size  Location     Type
  name            1    wreg     enum E2698
 Auto vars:     Size  Location     Type
  name            1   10[COMMON] enum E2698
 Return value:  Size  Location     Type
                  1    wreg      _Bool 
 Registers used:
		wreg, fsr1l, fsr1h, status,2, status,0, pclath, cstack
 Tracked objects:
		On entry : 
		On exit  : 
		Unchanged: 
 Data sizes:     COMMON   BANK0   BANK1   BANK2   BANK3   BANK4
      Params:         0       0       0       0       0       0
      Locals:         1       0       0       0       0       0
      Temps:          4       0       0       0       0       0
      Totals:         5       0       0       0       0       0
Total ram usage:        5 bytes
 Hardware stack levels used:    1
 Hardware stack levels required when called:    1
 This function calls:
		___wmul
 This function is called by:
		_main
		_touch_example
		_MTOUCH_Button_Buttonmask_Get
 This function uses a non-reentrant model


 *************** function ___wmul *****************
 Defined at:
		line 15 in file "/Applications/microchip/xc8/v2.20/pic/sources/c99/common/Umul16.c"
 Parameters:    Size  Location     Type
  multiplier      2    0[COMMON] unsigned int 
  multiplicand    2    2[COMMON] unsigned int 
 Auto vars:     Size  Location     Type
  product         2    4[COMMON] unsigned int 
 Return value:  Size  Location     Type
                  2    0[COMMON] unsigned int 
 Registers used:
		wreg, status,2, status,0
 Tracked objects:
		On entry : 
		On exit  : 
		Unchanged: 
 Data sizes:     COMMON   BANK0   BANK1   BANK2   BANK3   BANK4
      Params:         4       0       0       0       0       0
      Locals:         2       0       0       0       0       0
      Temps:          0       0       0       0       0       0
      Totals:         6       0       0       0       0       0
Total ram usage:        6 bytes
 Hardware stack levels used:    1
 This function calls:
		Nothing
 This function is called by:
		_MTOUCH_Sensor_Initialize
		_Sensor_Service
		_Sensor_Acq_ExecuteScan
		_MTOUCH_Sensor_RawSample_Get
		_MTOUCH_Sensor_Enable
		_MTOUCH_Sensor_wasSampled
		_MTOUCH_Button_Initialize
		_Button_Service
		_MTOUCH_Button_Tick
		_MTOUCH_Button_isPressed
		_MTOUCH_Sensor_isAnySensorActive
		_MTOUCH_Sensor_Disable
		_MTOUCH_Sensor_Oversampling_Get
		_MTOUCH_Sensor_Oversampling_Set
		_MTOUCH_Button_Threshold_Set
		_MTOUCH_Button_Scaling_Set
		_MTOUCH_Button_Oversampling_Get
		_MTOUCH_Button_Oversampling_Set
		_Button_Baseline_Get_helper
 This function uses a non-reentrant model


 *************** function _EUSART_is_tx_ready *****************
 Defined at:
		line 94 in file "mcc_generated_files/eusart.c"
 Parameters:    Size  Location     Type
		None
 Auto vars:     Size  Location     Type
		None
 Return value:  Size  Location     Type
                  1    wreg      _Bool 
 Registers used:
		wreg, status,2
 Tracked objects:
		On entry : 
		On exit  : 
		Unchanged: 
 Data sizes:     COMMON   BANK0   BANK1   BANK2   BANK3   BANK4
      Params:         0       0       0       0       0       0
      Locals:         1       0       0       0       0       0
      Temps:          0       0       0       0       0       0
      Totals:         1       0       0       0       0       0
Total ram usage:        1 bytes
 Hardware stack levels used:    1
 This function calls:
		Nothing
 This function is called by:
		_main
 This function uses a non-reentrant model


 *************** function _EUSART_Write *****************
 Defined at:
		line 132 in file "mcc_generated_files/eusart.c"
 Parameters:    Size  Location     Type
  txData          1    wreg     unsigned char 
 Auto vars:     Size  Location     Type
  txData          1    0[COMMON] unsigned char 
 Return value:  Size  Location     Type
                  1    wreg      void 
 Registers used:
		wreg
 Tracked objects:
		On entry : 
		On exit  : 
		Unchanged: 
 Data sizes:     COMMON   BANK0   BANK1   BANK2   BANK3   BANK4
      Params:         0       0       0       0       0       0
      Locals:         1       0       0       0       0       0
      Temps:          0       0       0       0       0       0
      Totals:         1       0       0       0       0       0
Total ram usage:        1 bytes
 Hardware stack levels used:    1
 This function calls:
		Nothing
 This function is called by:
		_main
 This function uses a non-reentrant model


 *************** function _DELAY_microseconds *****************
 Defined at:
		line 33 in file "mcc_generated_files/delay.c"
 Parameters:    Size  Location     Type
  microseconds    2    0[COMMON] unsigned short 
 Auto vars:     Size  Location     Type
		None
 Return value:  Size  Location     Type
                  1    wreg      void 
 Registers used:
		wreg, status,2, status,0
 Tracked objects:
		On entry : 
		On exit  : 
		Unchanged: 
 Data sizes:     COMMON   BANK0   BANK1   BANK2   BANK3   BANK4
      Params:         2       0       0       0       0       0
      Locals:         0       0       0       0       0       0
      Temps:          0       0       0       0       0       0
      Totals:         2       0       0       0       0       0
Total ram usage:        2 bytes
 Hardware stack levels used:    1
 This function calls:
		Nothing
 This function is called by:
		_main
 This function uses a non-reentrant model



MODULE INFORMATION

Module		Function		Class		Link	Load	Size
mcc_generated_files/mtouch/mtouch_button.c
		_Button_Deviation_Update		CODE           	05FE	0000	142
		_MTOUCH_Button_isPressed		CODE           	00D4	0000	43
		_MTOUCH_Button_Initialize		CODE           	01B0	0000	73
		_Button_Tick_helper		CODE           	00FE	0000	43
		_MTOUCH_Button_InitializeAll		CODE           	0F79	0000	34
		_Button_Baseline_Update		CODE           	068B	0000	145
		_Button_State_Pressed		CODE           	0587	0000	120
		_Button_Reading_Update		CODE           	0C72	0000	25
		_Button_DefaultCallback		CODE           	0B54	0000	2
		_MTOUCH_Button_Tick		CODE           	0082	0000	42
		_Button_State_NotPressed		CODE           	071B	0000	177
		_Button_Reading_Update_Helper		CODE           	01F8	0000	86
		_Button_Service		CODE           	0435	0000	113
		_Button_State_Initializing		CODE           	04A5	0000	114
		_MTOUCH_Button_ServiceAll		CODE           	0C11	0000	19
		_Button_Baseline_Initialize		CODE           	0181	0000	48

mcc_generated_files/mtouch/mtouch_button.c estimated size: 1226

mcc_generated_files/mtouch/mtouch.c
		_MTOUCH_Tick   		CODE           	0B5B	0000	5
		_MTOUCH_Initialize		CODE           	0BC4	0000	14
		_MTOUCH_Service_Mainloop		CODE           	00AB	0000	42
		_MTOUCH_needReburst		CODE           	0B59	0000	3

mcc_generated_files/mtouch/mtouch.c estimated size: 64

mcc_generated_files/pin_manager.c
		_PIN_MANAGER_Initialize		CODE           	0C23	0000	19

mcc_generated_files/pin_manager.c estimated size: 19

mcc_generated_files/mtouch/mtouch_sensor_scan.c
		_MTOUCH_CVD_ScanA_0		CODE           	0D19	0000	33
		_MTOUCH_CVD_ScanB_0		CODE           	0E59	0000	33
		_MTOUCH_CVD_ScanA_1		CODE           	0D39	0000	33
		_MTOUCH_CVD_ScanB_1		CODE           	0E79	0000	33
		_MTOUCH_CVD_ScanA_2		CODE           	0D59	0000	33
		_MTOUCH_CVD_ScanB_2		CODE           	0E99	0000	33
		_MTOUCH_CVD_ScanA_3		CODE           	0D79	0000	33
		_MTOUCH_CVD_ScanB_3		CODE           	0EB9	0000	33
		_MTOUCH_CVD_ScanA_4		CODE           	0D99	0000	33
		_MTOUCH_CVD_ScanB_4		CODE           	0ED9	0000	33
		_MTOUCH_CVD_ScanA_5		CODE           	0DB9	0000	33
		_MTOUCH_CVD_ScanB_5		CODE           	0EF9	0000	33
		_MTOUCH_CVD_ScanA_6		CODE           	0DD9	0000	33
		_MTOUCH_CVD_ScanB_6		CODE           	0F19	0000	33
		_MTOUCH_CVD_ScanA_7		CODE           	0DF9	0000	33
		_MTOUCH_CVD_ScanB_7		CODE           	0F39	0000	33
		_MTOUCH_CVD_ScanA_8		CODE           	0E19	0000	33
		_MTOUCH_CVD_ScanB_8		CODE           	0F59	0000	33
		_MTOUCH_CVD_ScanA_9		CODE           	0CF9	0000	33
		_MTOUCH_CVD_ScanB_9		CODE           	0E39	0000	33

mcc_generated_files/mtouch/mtouch_sensor_scan.c estimated size: 660

/Applications/microchip/xc8/v2.20/pic/sources/c99/common/abs.c
		_abs           		CODE           	0C8A	0000	27

/Applications/microchip/xc8/v2.20/pic/sources/c99/common/abs.c estimated size: 27

/Applications/microchip/xc8/v2.20/pic/sources/c99/common/memcpy.c
		_memcpy        		CODE           	0128	0000	45

/Applications/microchip/xc8/v2.20/pic/sources/c99/common/memcpy.c estimated size: 45

/Applications/microchip/xc8/v2.20/pic/sources/c99/common/Umul16.c
		___wmul        		CODE           	0CDA	0000	32

/Applications/microchip/xc8/v2.20/pic/sources/c99/common/Umul16.c estimated size: 32

shared
		__initialization		CODE           	07CB	0000	51
		_mtouch_button_init		STRCODE        	0800	0000	171

shared estimated size: 222

mcc_generated_files/mcc.c
		_WDT_Initialize		CODE           	0B5F	0000	5
		_OSCILLATOR_Initialize		CODE           	0BA0	0000	13
		_SYSTEM_Initialize		CODE           	0BF1	0000	17

mcc_generated_files/mcc.c estimated size: 35

mcc_generated_files/delay.c
		_DELAY_microseconds		CODE           	0013	0000	37

mcc_generated_files/delay.c estimated size: 37

mcc_generated_files/eusart.c
		_EUSART_Write  		CODE           	0B96	0000	11
		_EUSART_Initialize		CODE           	0FBB	0000	35
		_EUSART_SetFramingErrorHandler		CODE           	0B6E	0000	7
		_EUSART_SetErrorHandler		CODE           	0B68	0000	7
		_EUSART_SetOverrunErrorHandler		CODE           	0B74	0000	7
		_EUSART_is_tx_ready		CODE           	0004	0000	16

mcc_generated_files/eusart.c estimated size: 83

main.c
		_main          		CODE           	03CA	0000	108

main.c estimated size: 108

mcc_generated_files/mtouch/mtouch_random.c
		_MTOUCH_Random 		CODE           	0C5C	0000	23

mcc_generated_files/mtouch/mtouch_random.c estimated size: 23

mcc_generated_files/mtouch/mtouch_sensor.c
		_Sensor_Acq_ExecutePacket		CODE           	02FC	0000	102
		_MTOUCH_Delay  		CODE           	0C35	0000	20
		_Sensor_Acquisition		CODE           	024D	0000	86
		_MTOUCH_Sensor_Initialize		CODE           	0FDD	0000	36
		_Sensor_Sampled_Reset		CODE           	0B7A	0000	8
		_MTOUCH_Sensor_InitializeAll		CODE           	0BD1	0000	17
		_Sensor_DefaultCallback		CODE           	0B56	0000	2
		_Sensor_isEnabled		CODE           	0BE1	0000	17
		_MTOUCH_Sensor_isCalibrated		CODE           	0B57	0000	3
		_MTOUCH_Sensor_Calibrate		CODE           	0B55	0000	2
		_MTOUCH_Sensor_Sampled_ResetAll		CODE           	0154	0000	46
		_Sensor_setActive		CODE           	0B81	0000	8
		_MTOUCH_Sensor_Enable		CODE           	0F9A	0000	34
		_Sensor_Acq_ExecuteScan		CODE           	0361	0000	106
		_Sensor_setSampled		CODE           	0B8F	0000	8
		_MTOUCH_Sensor_RawSample_Get		CODE           	005B	0000	40
		_MTOUCH_Sensor_SampleAll		CODE           	0CA4	0000	27
		_MTOUCH_Sensor_wasSampled		CODE           	0037	0000	37
		_Sensor_Service		CODE           	0516	0000	114
		_Sensor_setScanFunction		CODE           	0C48	0000	21
		_MTOUCH_Sensor_Scan_Initialize		CODE           	0B63	0000	6
		_Sensor_RawSample_Update		CODE           	0CBE	0000	29
		_Sensor_setInactive		CODE           	0B88	0000	8

mcc_generated_files/mtouch/mtouch_sensor.c estimated size: 777

