Microchip MPLAB XC8 Compiler V2.10 ()

Linker command line:

-W-3 --edf=/Applications/microchip/xc8/v2.10/pic/dat/en_msgs.txt -cs \
  -h+dist/default/production/torikiban2020.X.production.sym \
  --cmf=dist/default/production/torikiban2020.X.production.cmf -z -Q16F1827 \
  -o/tmp/xcI5AMuQj --defsym=__MPLAB_BUILD=1 \
  -Mdist/default/production/torikiban2020.X.production.map -E1 -ver=XC8 \
  --acfsm=1493 -ASTACK=0203Bh-0206Bh -pstack=STACK -ACODE=00h-07FFhx2 \
  -ASTRCODE=00h-0FFFh -ASTRING=00h-0FFhx16 -ACONST=00h-0FFhx16 \
  -AENTRY=00h-0FFhx16 -ACOMMON=070h-07Fh -ABANK0=020h-06Fh \
  -ABANK1=0A0h-0EFh -ABANK2=0120h-016Fh -ABANK3=01A0h-01EFh \
  -ABANK4=0220h-024Fh -ABIGRAM=02000h-0216Fh \
  -ARAM=020h-06Fh,0A0h-0EFh,0120h-016Fh,01A0h-01EFh,0220h-024Fh \
  -AABS1=020h-07Fh,0A0h-0EFh,0120h-016Fh,01A0h-01EFh,0220h-024Fh \
  -ASFR0=00h-01Fh -ASFR1=080h-09Fh -ASFR2=0100h-011Fh -ASFR3=0180h-019Fh \
  -ASFR4=0200h-021Fh -ASFR5=0280h-02EFh -ASFR6=0300h-036Fh \
  -ASFR7=0380h-03EFh -ASFR8=0400h-046Fh -ASFR9=0480h-04EFh \
  -ASFR10=0500h-056Fh -ASFR11=0580h-05EFh -ASFR12=0600h-066Fh \
  -ASFR13=0680h-06EFh -ASFR14=0700h-076Fh -ASFR15=0780h-07EFh \
  -ASFR16=0800h-086Fh -ASFR17=0880h-08EFh -ASFR18=0900h-096Fh \
  -ASFR19=0980h-09EFh -ASFR20=0A00h-0A6Fh -ASFR21=0A80h-0AEFh \
  -ASFR22=0B00h-0B6Fh -ASFR23=0B80h-0BEFh -ASFR24=0C00h-0C6Fh \
  -ASFR25=0C80h-0CEFh -ASFR26=0D00h-0D6Fh -ASFR27=0D80h-0DEFh \
  -ASFR28=0E00h-0E6Fh -ASFR29=0E80h-0EEFh -ASFR30=0F00h-0F6Fh \
  -ASFR31=0F80h-0FEFh -preset_vec=00h,intentry,init,end_init -ppowerup=CODE \
  -pcinit=CODE -pfunctab=ENTRY -ACONFIG=08007h-08008h -pconfig=CONFIG \
  -DCONFIG=2 -AIDLOC=08000h-08003h -pidloc=IDLOC -DIDLOC=2 \
  -AEEDATA=00h-0FFh/0F000h -peeprom_data=EEDATA -DEEDATA=2 -DCODE=2 \
  -DSTRCODE=2 -DSTRING=2 -DCONST=2 -DENTRY=2 -k /tmp/xcrbEVpRg.o \
  dist/default/production/torikiban2020.X.production.o 

Object code version is 3.11

Machine type is 16F1827



                Name                               Link     Load   Length Selector   Space Scale
/tmp/xcrbEVpRg.o
                end_init                              2        2        2        0       0
                reset_vec                             0        0        2        0       0
                config                             8007     8007        2    1000E       0
dist/default/production/torikiban2020.X.production.o
                cinit                               7CB      7CB       35      F96       0
                text78                               3C       3C       24       78       0
                text77                              B9D      B9D        A     173A       0
                text76                              BD8      BD8        F     17B0       0
                text75                              CDE      CDE       1F     19BC       0
                text74                               D4       D4       2A      1A8       0
                text73                              5FE      5FE       8D      BFC       0
                text72                               84       84       27      108       0
                text71                              1F8      1F8       55      3F0       0
                text70                              C76      C76       18     18EC       0
                text69                              181      181       2F      302       0
                text68                              68B      68B       90      D16       0
                text67                              B5C      B5C        1     16B8       0
                text66                              B5D      B5D        1     16BA       0
                text65                              1B0      1B0       48      360       0
                text64                              587      587       77      B0E       0
                text63                              4A5      4A5       71      94A       0
                text62                              71B      71B       B0      E36       0
                text61                              B5E      B5E        2     16BC       0
                text60                               60       60       24       C0       0
                text59                              435      435       70      86A       0
                text58                              C27      C27       12     184E       0
                text57                              C39      C39       13     1872       0
                text56                              C60      C60       16     18C0       0
                text55                              B6A      B6A        5     16D4       0
                text54                              D1C      D1C       20     1A38       0
                text53                              D3C      D3C       20     1A78       0
                text52                              D5C      D5C       20     1AB8       0
                text51                              D7C      D7C       20     1AF8       0
                text50                              D9C      D9C       20     1B38       0
                text49                              DBC      DBC       20     1B78       0
                text48                              DDC      DDC       20     1BB8       0
                text47                              DFC      DFC       20     1BF8       0
                text46                              E1C      E1C       20     1C38       0
                text45                              E3C      E3C       20     1C78       0
                text44                              E5C      E5C       20     1CB8       0
                text43                              E7C      E7C       20     1CF8       0
                text42                              E9C      E9C       20     1D38       0
                text41                              EBC      EBC       20     1D78       0
                text40                              EDC      EDC       20     1DB8       0
                text39                              EFC      EFC       20     1DF8       0
                text38                              F1C      F1C       20     1E38       0
                text37                              F3C      F3C       20     1E78       0
                text36                              F5C      F5C       20     1EB8       0
                text35                              F7C      F7C       20     1EF8       0
                text34                              361      361       69      6C2       0
                text33                              C4C      C4C       14     1898       0
                text32                              2FC      2FC       65      5F8       0
                text31                              BE7      BE7       10     17CE       0
                text30                              B81      B81        7     1702       0
                text29                              B88      B88        7     1710       0
                text28                              C8E      C8E       1A     191C       0
                text27                              24D      24D       55      49A       0
                text26                                4        4        1        0       0
                text25                              CC2      CC2       1C     1984       0
                text24                              B8F      B8F        7     171E       0
                text23                              516      516       71      A2C       0
                text22                              CA8      CA8       1A     1950       0
                text21                              B96      B96        7     172C       0
                text20                              154      154       2D      2A8       0
                text19                               FE       FE       2A      1FC       0
                text18                               AB       AB       29      156       0
                text17                              B62      B62        4     16C4       0
                text16                              B60      B60        2     16C0       0
                text15                              CFD      CFD       1F     19FA       0
                text14                              B6F      B6F        6     16DE       0
                text13                              B75      B75        6     16EA       0
                text12                              B7B      B7B        6     16F6       0
                text11                              FDE      FDE       22     1FBC       0
                text10                              128      128       2C      250       0
                text9                               F9C      F9C       21     1F38       0
                text8                               FBD      FBD       21     1F7A       0
                text7                                19       19       23       32       0
                text6                               BF7      BF7       10     17EE       0
                text5                               BCB      BCB        D     1796       0
                text4                               BA7      BA7        C     174E       0
                text3                                 5        5       14        A       0
                text2                               B66      B66        4     16CC       0
                text1                               C07      C07       10     180E       0
                maintext                            3CA      3CA       6B      794       0
                cstackBANK0                          20       20       17       20       1
                cstackCOMMON                         70       70        E       70       1
                clrtext                             BB3      BB3        C     1766       0
                inittext                            BBF      BBF        C     177E       0
                dataBANK0                            4B       4B       10       20       1
                bssBANK0                             37       37       14       20       1
                stringtext1                         800      800       AA     1000       0
                idataBIGRAM                         2A2      2A2       5A      544       0
                idataBANK0                          C17      C17       10     182E       0

TOTAL           Name                               Link     Load   Length     Space
        CLASS   STACK          

        CLASS   CODE           
                end_init                              2        2        2         0
                cinit                               7CB      7CB       35         0
                reset_vec                             0        0        2         0
                text78                               3C       3C       24         0
                text77                              B9D      B9D        A         0
                text76                              BD8      BD8        F         0
                text75                              CDE      CDE       1F         0
                text74                               D4       D4       2A         0
                text73                              5FE      5FE       8D         0
                text72                               84       84       27         0
                text71                              1F8      1F8       55         0
                text70                              C76      C76       18         0
                text69                              181      181       2F         0
                text68                              68B      68B       90         0
                text67                              B5C      B5C        1         0
                text66                              B5D      B5D        1         0
                text65                              1B0      1B0       48         0
                text64                              587      587       77         0
                text63                              4A5      4A5       71         0
                text62                              71B      71B       B0         0
                text61                              B5E      B5E        2         0
                text60                               60       60       24         0
                text59                              435      435       70         0
                text58                              C27      C27       12         0
                text57                              C39      C39       13         0
                text56                              C60      C60       16         0
                text55                              B6A      B6A        5         0
                text54                              D1C      D1C       20         0
                text53                              D3C      D3C       20         0
                text52                              D5C      D5C       20         0
                text51                              D7C      D7C       20         0
                text50                              D9C      D9C       20         0
                text49                              DBC      DBC       20         0
                text48                              DDC      DDC       20         0
                text47                              DFC      DFC       20         0
                text46                              E1C      E1C       20         0
                text45                              E3C      E3C       20         0
                text44                              E5C      E5C       20         0
                text43                              E7C      E7C       20         0
                text42                              E9C      E9C       20         0
                text41                              EBC      EBC       20         0
                text40                              EDC      EDC       20         0
                text39                              EFC      EFC       20         0
                text38                              F1C      F1C       20         0
                text37                              F3C      F3C       20         0
                text36                              F5C      F5C       20         0
                text35                              F7C      F7C       20         0
                text34                              361      361       69         0
                text33                              C4C      C4C       14         0
                text32                              2FC      2FC       65         0
                text31                              BE7      BE7       10         0
                text30                              B81      B81        7         0
                text29                              B88      B88        7         0
                text28                              C8E      C8E       1A         0
                text27                              24D      24D       55         0
                text26                                4        4        1         0
                text25                              CC2      CC2       1C         0
                text24                              B8F      B8F        7         0
                text23                              516      516       71         0
                text22                              CA8      CA8       1A         0
                text21                              B96      B96        7         0
                text20                              154      154       2D         0
                text19                               FE       FE       2A         0
                text18                               AB       AB       29         0
                text17                              B62      B62        4         0
                text16                              B60      B60        2         0
                text15                              CFD      CFD       1F         0
                text14                              B6F      B6F        6         0
                text13                              B75      B75        6         0
                text12                              B7B      B7B        6         0
                text11                              FDE      FDE       22         0
                text10                              128      128       2C         0
                text9                               F9C      F9C       21         0
                text8                               FBD      FBD       21         0
                text7                                19       19       23         0
                text6                               BF7      BF7       10         0
                text5                               BCB      BCB        D         0
                text4                               BA7      BA7        C         0
                text3                                 5        5       14         0
                text2                               B66      B66        4         0
                text1                               C07      C07       10         0
                maintext                            3CA      3CA       6B         0
                clrtext                             BB3      BB3        C         0
                inittext                            BBF      BBF        C         0
                idataBIGRAM                         2A2      2A2       5A         0
                idataBANK0                          C17      C17       10         0

        CLASS   STRCODE        
                stringtext1                         800      800       AA         0

        CLASS   STRING         

        CLASS   CONST          

        CLASS   ENTRY          

        CLASS   COMMON         
                cstackCOMMON                         70       70        E         1

        CLASS   BANK0          
                cstackBANK0                          20       20       17         1
                dataBANK0                            4B       4B       10         1
                bssBANK0                             37       37       14         1

        CLASS   BANK1          

        CLASS   BANK2          

        CLASS   BANK3          

        CLASS   BANK4          

        CLASS   BIGRAM         

        CLASS   RAM            

        CLASS   ABS1           
                abs_s1                               7E       7E        2         1
                abs_s1                               BC       BC       34         1
                abs_s1                              120      120       50         1
                abs_s1                              1A0      1A0       50         1
                abs_s1                              220      220       30         1
                abs_s1                             206C     206C        0         1
                abs_s1                             20C6     20C6        0         1

        CLASS   SFR0           

        CLASS   SFR1           

        CLASS   SFR2           

        CLASS   SFR3           

        CLASS   SFR4           

        CLASS   SFR5           

        CLASS   SFR6           

        CLASS   SFR7           

        CLASS   SFR8           

        CLASS   SFR9           

        CLASS   SFR10          

        CLASS   SFR11          

        CLASS   SFR12          

        CLASS   SFR13          

        CLASS   SFR14          

        CLASS   SFR15          

        CLASS   SFR16          

        CLASS   SFR17          

        CLASS   SFR18          

        CLASS   SFR19          

        CLASS   SFR20          

        CLASS   SFR21          

        CLASS   SFR22          

        CLASS   SFR23          

        CLASS   SFR24          

        CLASS   SFR25          

        CLASS   SFR26          

        CLASS   SFR27          

        CLASS   SFR28          

        CLASS   SFR29          

        CLASS   SFR30          

        CLASS   SFR31          

        CLASS   CONFIG         
                config                             8007     8007        2         0

        CLASS   IDLOC          

        CLASS   EEDATA         

        CLASS   BANK31         

        CLASS   BANK30         

        CLASS   BANK29         

        CLASS   BANK28         

        CLASS   BANK27         

        CLASS   BANK26         

        CLASS   BANK25         

        CLASS   BANK24         

        CLASS   BANK23         

        CLASS   BANK22         

        CLASS   BANK21         

        CLASS   BANK20         

        CLASS   BANK19         

        CLASS   BANK18         

        CLASS   BANK17         

        CLASS   BANK16         

        CLASS   BANK15         

        CLASS   BANK14         

        CLASS   BANK13         

        CLASS   BANK12         

        CLASS   BANK11         

        CLASS   BANK10         

        CLASS   BANK9          

        CLASS   BANK8          

        CLASS   BANK7          

        CLASS   BANK6          

        CLASS   BANK5          



SEGMENTS        Name                           Load    Length   Top    Selector   Space  Class     Delta

                text45                         000E3C  000020  000E5C      1C78       0  CODE        2
                text44                         000E5C  000020  000E7C      1CB8       0  CODE        2
                text47                         000DFC  000020  000E1C      1BF8       0  CODE        2
                text46                         000E1C  000020  000E3C      1C38       0  CODE        2
                text41                         000EBC  000020  000EDC      1D78       0  CODE        2
                text40                         000EDC  000020  000EFC      1DB8       0  CODE        2
                text43                         000E7C  000020  000E9C      1CF8       0  CODE        2
                text42                         000E9C  000020  000EBC      1D38       0  CODE        2
                text53                         000D3C  000020  000D5C      1A78       0  CODE        2
                text52                         000D5C  000020  000D7C      1AB8       0  CODE        2
                text15                         000CFD  00001F  000D1C      19FA       0  CODE        2
                text54                         000D1C  000020  000D3C      1A38       0  CODE        2
                text49                         000DBC  000020  000DDC      1B78       0  CODE        2
                text48                         000DDC  000020  000DFC      1BB8       0  CODE        2
                text51                         000D7C  000020  000D9C      1AF8       0  CODE        2
                text50                         000D9C  000020  000DBC      1B38       0  CODE        2
                text39                         000EFC  000020  000F1C      1DF8       0  CODE        2
                text72                         000084  000027  0000AB       108       0  CODE        2
                text18                         0000AB  000029  0000D4       156       0  CODE        2
                text78                         00003C  000024  000060        78       0  CODE        2
                text60                         000060  000024  000084        C0       0  CODE        2
                text10                         000128  00002C  000154       250       0  CODE        2
                text20                         000154  00002D  000181       2A8       0  CODE        2
                text74                         0000D4  00002A  0000FE       1A8       0  CODE        2
                text19                         0000FE  00002A  000128       1FC       0  CODE        2
                text36                         000F5C  000020  000F7C      1EB8       0  CODE        2
                text35                         000F7C  000020  000F9C      1EF8       0  CODE        2
                text38                         000F1C  000020  000F3C      1E38       0  CODE        2
                text37                         000F3C  000020  000F5C      1E78       0  CODE        2
                text11                         000FDE  000022  001000      1FBC       0  CODE        2
                text7                          000019  000023  00003C        32       0  CODE        2
                text9                          000F9C  000021  000FBD      1F38       0  CODE        2
                text8                          000FBD  000021  000FDE      1F7A       0  CODE        2
                text75                         000CDE  00001F  000CFD      19BC       0  CODE        2
                text30                         000B81  000007  000B88      1702       0  CODE        2
                text29                         000B88  000007  000B8F      1710       0  CODE        2
                text13                         000B75  000006  000B7B      16EA       0  CODE        2
                text12                         000B7B  000006  000B81      16F6       0  CODE        2
                text77                         000B9D  00000A  000BA7      173A       0  CODE        2
                text4                          000BA7  00000C  000BB3      174E       0  CODE        2
                text24                         000B8F  000007  000B96      171E       0  CODE        2
                text21                         000B96  000007  000B9D      172C       0  CODE        2
                text61                         000B5E  000002  000B60      16BC       0  CODE        2
                text16                         000B60  000002  000B62      16C0       0  CODE        2
                text67                         000B5C  000001  000B5D      16B8       0  CODE        2
                text66                         000B5D  000001  000B5E      16BA       0  CODE        2
                text55                         000B6A  000005  000B6F      16D4       0  CODE        2
                text14                         000B6F  000006  000B75      16DE       0  CODE        2
                text17                         000B62  000004  000B66      16C4       0  CODE        2
                text2                          000B66  000004  000B6A      16CC       0  CODE        2
                clrtext                        000BB3  00000C  000BBF      1766       0  CODE        2
                text3                          000005  000014  000019         A       0  CODE        2
                text56                         000C60  000016  000C76      18C0       0  CODE        2
                text57                         000C39  000013  000C4C      1872       0  CODE        2
                text33                         000C4C  000014  000C60      1898       0  CODE        2
                text22                         000CA8  00001A  000CC2      1950       0  CODE        2
                text25                         000CC2  00001C  000CDE      1984       0  CODE        2
                text70                         000C76  000018  000C8E      18EC       0  CODE        2
                text28                         000C8E  00001A  000CA8      191C       0  CODE        2
                text76                         000BD8  00000F  000BE7      17B0       0  CODE        2
                text31                         000BE7  000010  000BF7      17CE       0  CODE        2
                inittext                       000BBF  00000C  000BCB      177E       0  CODE        2
                text5                          000BCB  00000D  000BD8      1796       0  CODE        2
                idataBANK0                     000C17  000010  000C27      182E       0  CODE        2
                text58                         000C27  000012  000C39      184E       0  CODE        2
                text6                          000BF7  000010  000C07      17EE       0  CODE        2
                text1                          000C07  000010  000C17      180E       0  CODE        2
                cstackBANK0                    000020  00003B  00005B        20       1  BANK0       1
                config                         008007  000002  008009     1000E       0  CONFIG      2
                reset_vec                      000000  000005  000005         0       0  CODE        2
                cinit                          0007CB  000035  000800       F96       0  CODE        2
                cstackCOMMON                   000070  00000E  00007E        70       1  COMMON      1
                idataBIGRAM                    0002A2  00005A  0002FC       544       0  CODE        2
                text27                         00024D  000055  0002A2       49A       0  CODE        2
                text32                         0002FC  000065  000361       5F8       0  CODE        2
                text71                         0001F8  000055  00024D       3F0       0  CODE        2
                text34                         000361  000069  0003CA       6C2       0  CODE        2
                maintext                       0003CA  00006B  000435       794       0  CODE        2
                text65                         0001B0  000048  0001F8       360       0  CODE        2
                text69                         000181  00002F  0001B0       302       0  CODE        2
                text59                         000435  000070  0004A5       86A       0  CODE        2
                stringtext1                    000800  0000AA  0008AA      1000       0  STRCODE     2
                text68                         00068B  000090  00071B       D16       0  CODE        2
                text62                         00071B  0000B0  0007CB       E36       0  CODE        2
                text23                         000516  000071  000587       A2C       0  CODE        2
                text63                         0004A5  000071  000516       94A       0  CODE        2
                text73                         0005FE  00008D  00068B       BFC       0  CODE        2
                text64                         000587  000077  0005FE       B0E       0  CODE        2


UNUSED ADDRESS RANGES

        Name                Unused          Largest block    Delta
        BANK0            0005B-0006F              15           1
        BANK1            000A0-000BB              1C           1
        BIGRAM           02000-0216F             170           1
        CODE             008AA-00B5B             2B2           2
        CONST            008AA-00B5B             100           2
        EEDATA           0F000-0F0FF             100           2
        ENTRY            008AA-00B5B             100           2
        IDLOC            08000-08003               4           2
        RAM              0005B-0006F              15           1
                         000A0-000BB              1C
        SFR0             00000-0001F              20           1
        SFR1             00080-0009F              20           1
        SFR10            00500-0056F              70           1
        SFR11            00580-005EF              70           1
        SFR12            00600-0066F              70           1
        SFR13            00680-006EF              70           1
        SFR14            00700-0076F              70           1
        SFR15            00780-007EF              70           1
        SFR16            00800-0086F              70           1
        SFR17            00880-008EF              70           1
        SFR18            00900-0096F              70           1
        SFR19            00980-009EF              70           1
        SFR2             00100-0011F              20           1
        SFR20            00A00-00A6F              70           1
        SFR21            00A80-00AEF              70           1
        SFR22            00B00-00B6F              70           1
        SFR23            00B80-00BEF              70           1
        SFR24            00C00-00C6F              70           1
        SFR25            00C80-00CEF              70           1
        SFR26            00D00-00D6F              70           1
        SFR27            00D80-00DEF              70           1
        SFR28            00E00-00E6F              70           1
        SFR29            00E80-00EEF              70           1
        SFR3             00180-0019F              20           1
        SFR30            00F00-00F6F              70           1
        SFR31            00F80-00FEF              70           1
        SFR4             00200-0021F              20           1
        SFR5             00280-002EF              70           1
        SFR6             00300-0036F              70           1
        SFR7             00380-003EF              70           1
        SFR8             00400-0046F              70           1
        SFR9             00480-004EF              70           1
        STACK            0203B-0206B              31           1
        STRCODE          008AA-00B5B             2B2           2
        STRING           008AA-00B5B             100           2

                                  Symbol Table

?_MTOUCH_Sensor_RawSample_Get                  cstackCOMMON 00076
?___wmul                                       cstackCOMMON 00070
?_abs                                          cstackCOMMON 00070
Button_Baseline_Initialize@button              cstackBANK0  00020
Button_Baseline_Update@button                  cstackCOMMON 00070
Button_DefaultCallback@button                  cstackCOMMON 00070
Button_Deviation_Update@button                 cstackCOMMON 00070
Button_Deviation_Update@deviation              cstackBANK0  00020
Button_Reading_Update@button                   cstackBANK0  00024
Button_Reading_Update_Helper@button            cstackBANK0  00020
Button_Service@button                          cstackBANK0  00031
Button_Service@name                            cstackBANK0  00030
Button_State_Initializing@button               cstackBANK0  00026
Button_State_NotPressed@button                 cstackBANK0  00026
Button_State_Pressed@button                    cstackBANK0  00026
Button_Tick_helper@button                      cstackCOMMON 00076
DELAY_microseconds@microseconds                cstackCOMMON 00070
EUSART_SetErrorHandler@interruptHandler        cstackCOMMON 00070
EUSART_SetFramingErrorHandler@interruptHandler cstackCOMMON 00070
EUSART_SetOverrunErrorHandler@interruptHandler cstackCOMMON 00070
EUSART_Write@txData                            cstackCOMMON 00070
MTOUCH_Button_Initialize@button                cstackCOMMON 0007B
MTOUCH_Button_Initialize@name                  cstackCOMMON 0007A
MTOUCH_Button_InitializeAll@button             cstackBANK0  00020
MTOUCH_Button_ServiceAll@button                cstackBANK0  00033
MTOUCH_Button_Tick@i                           cstackBANK0  00020
MTOUCH_Button_isPressed@name                   cstackCOMMON 0007A
MTOUCH_Delay@i                                 cstackCOMMON 00071
MTOUCH_Random@seed                             bssBANK0     0004A
MTOUCH_Sensor_Enable@sensor                    cstackCOMMON 0007A
MTOUCH_Sensor_Initialize@sensor                cstackCOMMON 0007B
MTOUCH_Sensor_InitializeAll@sensor             cstackCOMMON 0007D
MTOUCH_Sensor_RawSample_Get@name               cstackCOMMON 0007C
MTOUCH_Sensor_SampleAll@sensor                 cstackBANK0  00032
MTOUCH_Sensor_Sampled_ResetAll@sensor          cstackCOMMON 0007A
MTOUCH_Sensor_wasSampled@sensor                cstackCOMMON 0007A
Sensor_Acq_ExecutePacket@ADCON0_temp           cstackBANK0  00021
Sensor_Acq_ExecutePacket@ADCON1_temp           cstackBANK0  00022
Sensor_Acq_ExecutePacket@GIE_state             cstackBANK0  00023
Sensor_Acq_ExecutePacket@error                 cstackBANK0  00024
Sensor_Acq_ExecutePacket@sensor                cstackCOMMON 0007C
Sensor_Acq_ExecuteScan@result                  cstackCOMMON 0007A
Sensor_Acquisition@retry                       cstackBANK0  00028
Sensor_Acquisition@sensor                      cstackBANK0  00025
Sensor_DefaultCallback@sensor                  cstackCOMMON 00070
Sensor_RawSample_Update@sensor                 cstackCOMMON 00070
Sensor_Sampled_Reset@sensor                    cstackCOMMON 00076
Sensor_Service@error                           cstackBANK0  0002E
Sensor_Service@name                            cstackBANK0  0002D
Sensor_Service@sensor                          cstackBANK0  0002F
Sensor_isEnabled@sensor                        cstackCOMMON 00070
Sensor_setActive@sensor                        cstackCOMMON 00070
Sensor_setInactive@sensor                      cstackCOMMON 00070
Sensor_setSampled@sensor                       cstackCOMMON 00070
Sensor_setScanFunction@sensor                  cstackCOMMON 00070
_ADCON0                                        (abs)        0009D
_ADCON0bits                                    (abs)        0009D
_ADCON1                                        (abs)        0009E
_ADRES                                         (abs)        0009B
_ANSELA                                        (abs)        0018C
_ANSELB                                        (abs)        0018D
_APFCON0                                       (abs)        0011D
_APFCON1                                       (abs)        0011E
_BAUDCON                                       (abs)        0019F
_BORCON                                        (abs)        00116
_Button_Baseline_Initialize                    text69       00181
_Button_Baseline_Update                        text68       0068B
_Button_DefaultCallback                        text67       00B5C
_Button_Deviation_Update                       text73       005FE
_Button_Reading_Update                         text70       00C76
_Button_Reading_Update_Helper                  text71       001F8
_Button_Service                                text59       00435
_Button_StateMachine                           dataBANK0    0004B
_Button_State_Initializing                     text63       004A5
_Button_State_NotPressed                       text62       0071B
_Button_State_Pressed                          text64       00587
_Button_Tick_helper                            text19       000FE
_DELAY_microseconds                            text78       0003C
_EUSART_DefaultErrorHandler                    (abs)        00000
_EUSART_DefaultFramingErrorHandler             (abs)        00000
_EUSART_DefaultOverrunErrorHandler             (abs)        00000
_EUSART_ErrorHandler                           bssBANK0     00037
_EUSART_FramingErrorHandler                    bssBANK0     0003B
_EUSART_Initialize                             text11       00FDE
_EUSART_OverrunErrorHandler                    bssBANK0     00039
_EUSART_SetErrorHandler                        text14       00B6F
_EUSART_SetFramingErrorHandler                 text13       00B75
_EUSART_SetOverrunErrorHandler                 text12       00B7B
_EUSART_Write                                  text77       00B9D
_EUSART_is_tx_ready                            text76       00BD8
_EUSART_is_tx_ready$1025                       cstackCOMMON 00070
_GIE                                           (abs)        0005F
_INTCONbits                                    (abs)        0000B
_LATA                                          (abs)        0010C
_LATAbits                                      (abs)        0010C
_LATB                                          (abs)        0010D
_MTOUCH_Button_Initialize                      text65       001B0
_MTOUCH_Button_InitializeAll                   text9        00F9C
_MTOUCH_Button_ServiceAll                      text58       00C27
_MTOUCH_Button_Tick                            text18       000AB
_MTOUCH_Button_isPressed                       text74       000D4
_MTOUCH_CVD_ScanA_0                            text53       00D3C
_MTOUCH_CVD_ScanA_1                            text52       00D5C
_MTOUCH_CVD_ScanA_2                            text51       00D7C
_MTOUCH_CVD_ScanA_3                            text50       00D9C
_MTOUCH_CVD_ScanA_4                            text49       00DBC
_MTOUCH_CVD_ScanA_5                            text48       00DDC
_MTOUCH_CVD_ScanA_6                            text47       00DFC
_MTOUCH_CVD_ScanA_7                            text46       00E1C
_MTOUCH_CVD_ScanA_8                            text45       00E3C
_MTOUCH_CVD_ScanA_9                            text54       00D1C
_MTOUCH_CVD_ScanB_0                            text43       00E7C
_MTOUCH_CVD_ScanB_1                            text42       00E9C
_MTOUCH_CVD_ScanB_2                            text41       00EBC
_MTOUCH_CVD_ScanB_3                            text40       00EDC
_MTOUCH_CVD_ScanB_4                            text39       00EFC
_MTOUCH_CVD_ScanB_5                            text38       00F1C
_MTOUCH_CVD_ScanB_6                            text37       00F3C
_MTOUCH_CVD_ScanB_7                            text36       00F5C
_MTOUCH_CVD_ScanB_8                            text35       00F7C
_MTOUCH_CVD_ScanB_9                            text44       00E5C
_MTOUCH_Delay                                  text57       00C39
_MTOUCH_Initialize                             text5        00BCB
_MTOUCH_Random                                 text56       00C60
_MTOUCH_Sensor_Calibrate                       text66       00B5D
_MTOUCH_Sensor_Enable                          text8        00FBD
_MTOUCH_Sensor_Initialize                      text7        00019
_MTOUCH_Sensor_InitializeAll                   text6        00BF7
_MTOUCH_Sensor_RawSample_Get                   text72       00084
_MTOUCH_Sensor_SampleAll                       text22       00CA8
_MTOUCH_Sensor_Sampled_ResetAll                text20       00154
_MTOUCH_Sensor_Scan_Initialize                 text55       00B6A
_MTOUCH_Sensor_isCalibrated                    text61       00B5E
_MTOUCH_Sensor_wasSampled                      text60       00060
_MTOUCH_Service_Mainloop                       text15       00CFD
_MTOUCH_Tick                                   text17       00B62
_MTOUCH_needReburst                            text16       00B60
_OPTION_REGbits                                (abs)        00095
_OSCCON                                        (abs)        00099
_OSCILLATOR_Initialize                         text4        00BA7
_OSCTUNE                                       (abs)        00098
_PIN_MANAGER_Initialize                        text3        00005
_PIR1bits                                      (abs)        00011
_PLLR                                          (abs)        004D6
_RCREG                                         (abs)        00199
_RCSTA                                         (abs)        0019D
_RCSTAbits                                     (abs)        0019D
_SPBRGH                                        (abs)        0019C
_SPBRGL                                        (abs)        0019B
_SYSTEM_Initialize                             text1        00C07
_Sensor_Acq_ExecutePacket                      text32       002FC
_Sensor_Acq_ExecuteScan                        text34       00361
_Sensor_Acquisition                            text27       0024D
_Sensor_DefaultCallback                        text26       00004
_Sensor_RawSample_Update                       text25       00CC2
_Sensor_Sampled_Reset                          text21       00B96
_Sensor_Service                                text23       00516
_Sensor_isEnabled                              text31       00BE7
_Sensor_scanA                                  dataBANK0    00057
_Sensor_scanB                                  dataBANK0    00055
_Sensor_setActive                              text30       00B81
_Sensor_setInactive                            text29       00B88
_Sensor_setSampled                             text24       00B8F
_Sensor_setScanFunction                        text33       00C4C
_TRISA                                         (abs)        0008C
_TRISB                                         (abs)        0008D
_TXREG                                         (abs)        0019A
_TXSTA                                         (abs)        0019E
_TXSTAbits                                     (abs)        0019E
_WDTCON                                        (abs)        00097
_WDT_Initialize                                text2        00B66
_WPUA                                          (abs)        0020C
_WPUB                                          (abs)        0020D
__CFG_BOREN$NSLEEP                             (abs)        00000
__CFG_BORV$LO                                  (abs)        00000
__CFG_CLKOUTEN$OFF                             (abs)        00000
__CFG_CP$OFF                                   (abs)        00000
__CFG_CPD$OFF                                  (abs)        00000
__CFG_FCMEN$ON                                 (abs)        00000
__CFG_FOSC$INTOSC                              (abs)        00000
__CFG_IESO$ON                                  (abs)        00000
__CFG_LVP$ON                                   (abs)        00000
__CFG_MCLRE$ON                                 (abs)        00000
__CFG_PLLEN$ON                                 (abs)        00000
__CFG_PWRTE$OFF                                (abs)        00000
__CFG_STVREN$ON                                (abs)        00000
__CFG_WDTE$OFF                                 (abs)        00000
__CFG_WRT$OFF                                  (abs)        00000
__Habs1                                        abs1         00000
__Hbank0                                       bank0        00000
__Hbank1                                       bank1        00000
__Hbank10                                      bank10       00000
__Hbank11                                      bank11       00000
__Hbank12                                      bank12       00000
__Hbank13                                      bank13       00000
__Hbank14                                      bank14       00000
__Hbank15                                      bank15       00000
__Hbank16                                      bank16       00000
__Hbank17                                      bank17       00000
__Hbank18                                      bank18       00000
__Hbank19                                      bank19       00000
__Hbank2                                       bank2        00000
__Hbank20                                      bank20       00000
__Hbank21                                      bank21       00000
__Hbank22                                      bank22       00000
__Hbank23                                      bank23       00000
__Hbank24                                      bank24       00000
__Hbank25                                      bank25       00000
__Hbank26                                      bank26       00000
__Hbank27                                      bank27       00000
__Hbank28                                      bank28       00000
__Hbank29                                      bank29       00000
__Hbank3                                       bank3        00000
__Hbank30                                      bank30       00000
__Hbank31                                      bank31       00000
__Hbank4                                       bank4        00000
__Hbank5                                       bank5        00000
__Hbank6                                       bank6        00000
__Hbank7                                       bank7        00000
__Hbank8                                       bank8        00000
__Hbank9                                       bank9        00000
__Hbigram                                      bigram       00000
__HbssBANK0                                    bssBANK0     00000
__Hcinit                                       cinit        00800
__Hclrtext                                     clrtext      00000
__Hcode                                        code         00000
__Hcommon                                      common       00000
__Hconfig                                      config       08009
__HcstackBANK0                                 cstackBANK0  00000
__HcstackCOMMON                                cstackCOMMON 00000
__HdataBANK0                                   dataBANK0    00000
__Heeprom_data                                 eeprom_data  00000
__Hend_init                                    end_init     00004
__Hfunctab                                     functab      00000
__HidataBANK0                                  idataBANK0   00000
__HidataBIGRAM                                 idataBIGRAM  00000
__Hidloc                                       idloc        00000
__Hinit                                        init         00002
__Hinittext                                    inittext     00000
__Hintentry                                    intentry     00002
__Hmaintext                                    maintext     00000
__Hpowerup                                     powerup      00000
__Hram                                         ram          00000
__Hreset_vec                                   reset_vec    00002
__Hsfr0                                        sfr0         00000
__Hsfr1                                        sfr1         00000
__Hsfr10                                       sfr10        00000
__Hsfr11                                       sfr11        00000
__Hsfr12                                       sfr12        00000
__Hsfr13                                       sfr13        00000
__Hsfr14                                       sfr14        00000
__Hsfr15                                       sfr15        00000
__Hsfr16                                       sfr16        00000
__Hsfr17                                       sfr17        00000
__Hsfr18                                       sfr18        00000
__Hsfr19                                       sfr19        00000
__Hsfr2                                        sfr2         00000
__Hsfr20                                       sfr20        00000
__Hsfr21                                       sfr21        00000
__Hsfr22                                       sfr22        00000
__Hsfr23                                       sfr23        00000
__Hsfr24                                       sfr24        00000
__Hsfr25                                       sfr25        00000
__Hsfr26                                       sfr26        00000
__Hsfr27                                       sfr27        00000
__Hsfr28                                       sfr28        00000
__Hsfr29                                       sfr29        00000
__Hsfr3                                        sfr3         00000
__Hsfr30                                       sfr30        00000
__Hsfr31                                       sfr31        00000
__Hsfr4                                        sfr4         00000
__Hsfr5                                        sfr5         00000
__Hsfr6                                        sfr6         00000
__Hsfr7                                        sfr7         00000
__Hsfr8                                        sfr8         00000
__Hsfr9                                        sfr9         00000
__Hspace_0                                     (abs)        08009
__Hspace_1                                     (abs)        0007E
__Hspace_2                                     (abs)        00000
__Hspace_3                                     (abs)        00000
__Hstack                                       stack        00000
__Hstrings                                     strings      00000
__Hstringtext1                                 stringtext1  00000
__Htext                                        text         00000
__Labs1                                        abs1         00000
__Lbank0                                       bank0        00000
__Lbank1                                       bank1        00000
__Lbank10                                      bank10       00000
__Lbank11                                      bank11       00000
__Lbank12                                      bank12       00000
__Lbank13                                      bank13       00000
__Lbank14                                      bank14       00000
__Lbank15                                      bank15       00000
__Lbank16                                      bank16       00000
__Lbank17                                      bank17       00000
__Lbank18                                      bank18       00000
__Lbank19                                      bank19       00000
__Lbank2                                       bank2        00000
__Lbank20                                      bank20       00000
__Lbank21                                      bank21       00000
__Lbank22                                      bank22       00000
__Lbank23                                      bank23       00000
__Lbank24                                      bank24       00000
__Lbank25                                      bank25       00000
__Lbank26                                      bank26       00000
__Lbank27                                      bank27       00000
__Lbank28                                      bank28       00000
__Lbank29                                      bank29       00000
__Lbank3                                       bank3        00000
__Lbank30                                      bank30       00000
__Lbank31                                      bank31       00000
__Lbank4                                       bank4        00000
__Lbank5                                       bank5        00000
__Lbank6                                       bank6        00000
__Lbank7                                       bank7        00000
__Lbank8                                       bank8        00000
__Lbank9                                       bank9        00000
__Lbigram                                      bigram       00000
__LbssBANK0                                    bssBANK0     00000
__Lcinit                                       cinit        007CB
__Lclrtext                                     clrtext      00000
__Lcode                                        code         00000
__Lcommon                                      common       00000
__Lconfig                                      config       08007
__LcstackBANK0                                 cstackBANK0  00000
__LcstackCOMMON                                cstackCOMMON 00000
__LdataBANK0                                   dataBANK0    00000
__Leeprom_data                                 eeprom_data  00000
__Lend_init                                    end_init     00002
__Lfunctab                                     functab      00000
__LidataBANK0                                  idataBANK0   00000
__LidataBIGRAM                                 idataBIGRAM  00000
__Lidloc                                       idloc        00000
__Linit                                        init         00002
__Linittext                                    inittext     00000
__Lintentry                                    intentry     00002
__Lmaintext                                    maintext     00000
__Lpowerup                                     powerup      00000
__Lram                                         ram          00000
__Lreset_vec                                   reset_vec    00000
__Lsfr0                                        sfr0         00000
__Lsfr1                                        sfr1         00000
__Lsfr10                                       sfr10        00000
__Lsfr11                                       sfr11        00000
__Lsfr12                                       sfr12        00000
__Lsfr13                                       sfr13        00000
__Lsfr14                                       sfr14        00000
__Lsfr15                                       sfr15        00000
__Lsfr16                                       sfr16        00000
__Lsfr17                                       sfr17        00000
__Lsfr18                                       sfr18        00000
__Lsfr19                                       sfr19        00000
__Lsfr2                                        sfr2         00000
__Lsfr20                                       sfr20        00000
__Lsfr21                                       sfr21        00000
__Lsfr22                                       sfr22        00000
__Lsfr23                                       sfr23        00000
__Lsfr24                                       sfr24        00000
__Lsfr25                                       sfr25        00000
__Lsfr26                                       sfr26        00000
__Lsfr27                                       sfr27        00000
__Lsfr28                                       sfr28        00000
__Lsfr29                                       sfr29        00000
__Lsfr3                                        sfr3         00000
__Lsfr30                                       sfr30        00000
__Lsfr31                                       sfr31        00000
__Lsfr4                                        sfr4         00000
__Lsfr5                                        sfr5         00000
__Lsfr6                                        sfr6         00000
__Lsfr7                                        sfr7         00000
__Lsfr8                                        sfr8         00000
__Lsfr9                                        sfr9         00000
__Lspace_0                                     (abs)        00000
__Lspace_1                                     (abs)        00000
__Lspace_2                                     (abs)        00000
__Lspace_3                                     (abs)        00000
__Lstack                                       stack        00000
__Lstrings                                     strings      00000
__Lstringtext1                                 stringtext1  00000
__Ltext                                        text         00000
__S0                                           (abs)        08009
__S1                                           (abs)        0007E
__S2                                           (abs)        00000
__S3                                           (abs)        00000
___int_sp                                      stack        00000
___latbits                                     (abs)        00001
___sp                                          stack        00000
___stackhi                                     (abs)        0206B
___stacklo                                     (abs)        0203B
___wmul                                        text75       00CDE
___wmul@multiplicand                           cstackCOMMON 00072
___wmul@multiplier                             cstackCOMMON 00070
___wmul@product                                cstackCOMMON 00074
__end_of_Button_Baseline_Initialize            text69       001B0
__end_of_Button_Baseline_Update                text68       0071B
__end_of_Button_DefaultCallback                text67       00B5D
__end_of_Button_Deviation_Update               text73       0068B
__end_of_Button_Reading_Update                 text70       00C8E
__end_of_Button_Reading_Update_Helper          text71       0024D
__end_of_Button_Service                        text59       004A5
__end_of_Button_State_Initializing             text63       00516
__end_of_Button_State_NotPressed               text62       007CB
__end_of_Button_State_Pressed                  text64       005FE
__end_of_Button_Tick_helper                    text19       00128
__end_of_DELAY_microseconds                    text78       00060
__end_of_EUSART_Initialize                     text11       01000
__end_of_EUSART_SetErrorHandler                text14       00B75
__end_of_EUSART_SetFramingErrorHandler         text13       00B7B
__end_of_EUSART_SetOverrunErrorHandler         text12       00B81
__end_of_EUSART_Write                          text77       00BA7
__end_of_EUSART_is_tx_ready                    text76       00BE7
__end_of_MTOUCH_Button_Initialize              text65       001F8
__end_of_MTOUCH_Button_InitializeAll           text9        00FBD
__end_of_MTOUCH_Button_ServiceAll              text58       00C39
__end_of_MTOUCH_Button_Tick                    text18       000D4
__end_of_MTOUCH_Button_isPressed               text74       000FE
__end_of_MTOUCH_CVD_ScanA_0                    text53       00D5C
__end_of_MTOUCH_CVD_ScanA_1                    text52       00D7C
__end_of_MTOUCH_CVD_ScanA_2                    text51       00D9C
__end_of_MTOUCH_CVD_ScanA_3                    text50       00DBC
__end_of_MTOUCH_CVD_ScanA_4                    text49       00DDC
__end_of_MTOUCH_CVD_ScanA_5                    text48       00DFC
__end_of_MTOUCH_CVD_ScanA_6                    text47       00E1C
__end_of_MTOUCH_CVD_ScanA_7                    text46       00E3C
__end_of_MTOUCH_CVD_ScanA_8                    text45       00E5C
__end_of_MTOUCH_CVD_ScanA_9                    text54       00D3C
__end_of_MTOUCH_CVD_ScanB_0                    text43       00E9C
__end_of_MTOUCH_CVD_ScanB_1                    text42       00EBC
__end_of_MTOUCH_CVD_ScanB_2                    text41       00EDC
__end_of_MTOUCH_CVD_ScanB_3                    text40       00EFC
__end_of_MTOUCH_CVD_ScanB_4                    text39       00F1C
__end_of_MTOUCH_CVD_ScanB_5                    text38       00F3C
__end_of_MTOUCH_CVD_ScanB_6                    text37       00F5C
__end_of_MTOUCH_CVD_ScanB_7                    text36       00F7C
__end_of_MTOUCH_CVD_ScanB_8                    text35       00F9C
__end_of_MTOUCH_CVD_ScanB_9                    text44       00E7C
__end_of_MTOUCH_Delay                          text57       00C4C
__end_of_MTOUCH_Initialize                     text5        00BD8
__end_of_MTOUCH_Random                         text56       00C76
__end_of_MTOUCH_Sensor_Calibrate               text66       00B5E
__end_of_MTOUCH_Sensor_Enable                  text8        00FDE
__end_of_MTOUCH_Sensor_Initialize              text7        0003C
__end_of_MTOUCH_Sensor_InitializeAll           text6        00C07
__end_of_MTOUCH_Sensor_RawSample_Get           text72       000AB
__end_of_MTOUCH_Sensor_SampleAll               text22       00CC2
__end_of_MTOUCH_Sensor_Sampled_ResetAll        text20       00181
__end_of_MTOUCH_Sensor_Scan_Initialize         text55       00B6F
__end_of_MTOUCH_Sensor_isCalibrated            text61       00B60
__end_of_MTOUCH_Sensor_wasSampled              text60       00084
__end_of_MTOUCH_Service_Mainloop               text15       00D1C
__end_of_MTOUCH_Tick                           text17       00B66
__end_of_MTOUCH_needReburst                    text16       00B62
__end_of_OSCILLATOR_Initialize                 text4        00BB3
__end_of_PIN_MANAGER_Initialize                text3        00019
__end_of_SYSTEM_Initialize                     text1        00C17
__end_of_Sensor_Acq_ExecutePacket              text32       00361
__end_of_Sensor_Acq_ExecuteScan                text34       003CA
__end_of_Sensor_Acquisition                    text27       002A2
__end_of_Sensor_DefaultCallback                text26       00005
__end_of_Sensor_RawSample_Update               text25       00CDE
__end_of_Sensor_Sampled_Reset                  text21       00B9D
__end_of_Sensor_Service                        text23       00587
__end_of_Sensor_isEnabled                      text31       00BF7
__end_of_Sensor_setActive                      text30       00B88
__end_of_Sensor_setInactive                    text29       00B8F
__end_of_Sensor_setSampled                     text24       00B96
__end_of_Sensor_setScanFunction                text33       00C60
__end_of_WDT_Initialize                        text2        00B6A
__end_of___wmul                                text75       00CFD
__end_of__initialization                       cinit        007FD
__end_of_abs                                   text28       00CA8
__end_of_main                                  maintext     00435
__end_of_memcpy                                text10       00154
__end_of_mtouch_button_init                    stringtext1  008AA
__initialization                               cinit        007CB
__pbssBANK0                                    bssBANK0     00037
__pbssBIGRAM                                   (abs)        020C6
__pcstackBANK0                                 cstackBANK0  00020
__pcstackCOMMON                                cstackCOMMON 00070
__pdataBANK0                                   dataBANK0    0004B
__pdataBIGRAM                                  (abs)        0206C
__pidataBANK0                                  idataBANK0   00C17
__pidataBIGRAM                                 idataBIGRAM  002A2
__pmaintext                                    maintext     003CA
__pstringtext1                                 stringtext1  00800
__ptext1                                       text1        00C07
__ptext10                                      text10       00128
__ptext11                                      text11       00FDE
__ptext12                                      text12       00B7B
__ptext13                                      text13       00B75
__ptext14                                      text14       00B6F
__ptext15                                      text15       00CFD
__ptext16                                      text16       00B60
__ptext17                                      text17       00B62
__ptext18                                      text18       000AB
__ptext19                                      text19       000FE
__ptext2                                       text2        00B66
__ptext20                                      text20       00154
__ptext21                                      text21       00B96
__ptext22                                      text22       00CA8
__ptext23                                      text23       00516
__ptext24                                      text24       00B8F
__ptext25                                      text25       00CC2
__ptext26                                      text26       00004
__ptext27                                      text27       0024D
__ptext28                                      text28       00C8E
__ptext29                                      text29       00B88
__ptext3                                       text3        00005
__ptext30                                      text30       00B81
__ptext31                                      text31       00BE7
__ptext32                                      text32       002FC
__ptext33                                      text33       00C4C
__ptext34                                      text34       00361
__ptext35                                      text35       00F7C
__ptext36                                      text36       00F5C
__ptext37                                      text37       00F3C
__ptext38                                      text38       00F1C
__ptext39                                      text39       00EFC
__ptext4                                       text4        00BA7
__ptext40                                      text40       00EDC
__ptext41                                      text41       00EBC
__ptext42                                      text42       00E9C
__ptext43                                      text43       00E7C
__ptext44                                      text44       00E5C
__ptext45                                      text45       00E3C
__ptext46                                      text46       00E1C
__ptext47                                      text47       00DFC
__ptext48                                      text48       00DDC
__ptext49                                      text49       00DBC
__ptext5                                       text5        00BCB
__ptext50                                      text50       00D9C
__ptext51                                      text51       00D7C
__ptext52                                      text52       00D5C
__ptext53                                      text53       00D3C
__ptext54                                      text54       00D1C
__ptext55                                      text55       00B6A
__ptext56                                      text56       00C60
__ptext57                                      text57       00C39
__ptext58                                      text58       00C27
__ptext59                                      text59       00435
__ptext6                                       text6        00BF7
__ptext60                                      text60       00060
__ptext61                                      text61       00B5E
__ptext62                                      text62       0071B
__ptext63                                      text63       004A5
__ptext64                                      text64       00587
__ptext65                                      text65       001B0
__ptext66                                      text66       00B5D
__ptext67                                      text67       00B5C
__ptext68                                      text68       0068B
__ptext69                                      text69       00181
__ptext7                                       text7        00019
__ptext70                                      text70       00C76
__ptext71                                      text71       001F8
__ptext72                                      text72       00084
__ptext73                                      text73       005FE
__ptext74                                      text74       000D4
__ptext75                                      text75       00CDE
__ptext76                                      text76       00BD8
__ptext77                                      text77       00B9D
__ptext78                                      text78       0003C
__ptext8                                       text8        00FBD
__ptext9                                       text9        00F9C
__size_of_Button_Baseline_Initialize           (abs)        00000
__size_of_Button_Baseline_Update               (abs)        00000
__size_of_Button_DefaultCallback               (abs)        00000
__size_of_Button_Deviation_Update              (abs)        00000
__size_of_Button_Reading_Update                (abs)        00000
__size_of_Button_Reading_Update_Helper         (abs)        00000
__size_of_Button_Service                       (abs)        00000
__size_of_Button_State_Initializing            (abs)        00000
__size_of_Button_State_NotPressed              (abs)        00000
__size_of_Button_State_Pressed                 (abs)        00000
__size_of_Button_Tick_helper                   (abs)        00000
__size_of_DELAY_microseconds                   (abs)        00000
__size_of_EUSART_Initialize                    (abs)        00000
__size_of_EUSART_SetErrorHandler               (abs)        00000
__size_of_EUSART_SetFramingErrorHandler        (abs)        00000
__size_of_EUSART_SetOverrunErrorHandler        (abs)        00000
__size_of_EUSART_Write                         (abs)        00000
__size_of_EUSART_is_tx_ready                   (abs)        00000
__size_of_MTOUCH_Button_Initialize             (abs)        00000
__size_of_MTOUCH_Button_InitializeAll          (abs)        00000
__size_of_MTOUCH_Button_ServiceAll             (abs)        00000
__size_of_MTOUCH_Button_Tick                   (abs)        00000
__size_of_MTOUCH_Button_isPressed              (abs)        00000
__size_of_MTOUCH_CVD_ScanA_0                   (abs)        00000
__size_of_MTOUCH_CVD_ScanA_1                   (abs)        00000
__size_of_MTOUCH_CVD_ScanA_2                   (abs)        00000
__size_of_MTOUCH_CVD_ScanA_3                   (abs)        00000
__size_of_MTOUCH_CVD_ScanA_4                   (abs)        00000
__size_of_MTOUCH_CVD_ScanA_5                   (abs)        00000
__size_of_MTOUCH_CVD_ScanA_6                   (abs)        00000
__size_of_MTOUCH_CVD_ScanA_7                   (abs)        00000
__size_of_MTOUCH_CVD_ScanA_8                   (abs)        00000
__size_of_MTOUCH_CVD_ScanA_9                   (abs)        00000
__size_of_MTOUCH_CVD_ScanB_0                   (abs)        00000
__size_of_MTOUCH_CVD_ScanB_1                   (abs)        00000
__size_of_MTOUCH_CVD_ScanB_2                   (abs)        00000
__size_of_MTOUCH_CVD_ScanB_3                   (abs)        00000
__size_of_MTOUCH_CVD_ScanB_4                   (abs)        00000
__size_of_MTOUCH_CVD_ScanB_5                   (abs)        00000
__size_of_MTOUCH_CVD_ScanB_6                   (abs)        00000
__size_of_MTOUCH_CVD_ScanB_7                   (abs)        00000
__size_of_MTOUCH_CVD_ScanB_8                   (abs)        00000
__size_of_MTOUCH_CVD_ScanB_9                   (abs)        00000
__size_of_MTOUCH_Delay                         (abs)        00000
__size_of_MTOUCH_Initialize                    (abs)        00000
__size_of_MTOUCH_Random                        (abs)        00000
__size_of_MTOUCH_Sensor_Calibrate              (abs)        00000
__size_of_MTOUCH_Sensor_Enable                 (abs)        00000
__size_of_MTOUCH_Sensor_Initialize             (abs)        00000
__size_of_MTOUCH_Sensor_InitializeAll          (abs)        00000
__size_of_MTOUCH_Sensor_RawSample_Get          (abs)        00000
__size_of_MTOUCH_Sensor_SampleAll              (abs)        00000
__size_of_MTOUCH_Sensor_Sampled_ResetAll       (abs)        00000
__size_of_MTOUCH_Sensor_Scan_Initialize        (abs)        00000
__size_of_MTOUCH_Sensor_isCalibrated           (abs)        00000
__size_of_MTOUCH_Sensor_wasSampled             (abs)        00000
__size_of_MTOUCH_Service_Mainloop              (abs)        00000
__size_of_MTOUCH_Tick                          (abs)        00000
__size_of_MTOUCH_needReburst                   (abs)        00000
__size_of_OSCILLATOR_Initialize                (abs)        00000
__size_of_PIN_MANAGER_Initialize               (abs)        00000
__size_of_SYSTEM_Initialize                    (abs)        00000
__size_of_Sensor_Acq_ExecutePacket             (abs)        00000
__size_of_Sensor_Acq_ExecuteScan               (abs)        00000
__size_of_Sensor_Acquisition                   (abs)        00000
__size_of_Sensor_DefaultCallback               (abs)        00000
__size_of_Sensor_RawSample_Update              (abs)        00000
__size_of_Sensor_Sampled_Reset                 (abs)        00000
__size_of_Sensor_Service                       (abs)        00000
__size_of_Sensor_isEnabled                     (abs)        00000
__size_of_Sensor_setActive                     (abs)        00000
__size_of_Sensor_setInactive                   (abs)        00000
__size_of_Sensor_setSampled                    (abs)        00000
__size_of_Sensor_setScanFunction               (abs)        00000
__size_of_WDT_Initialize                       (abs)        00000
__size_of___wmul                               (abs)        00000
__size_of_abs                                  (abs)        00000
__size_of_main                                 (abs)        00000
__size_of_memcpy                               (abs)        00000
_abs                                           text28       00C8E
_callback_notPressed                           dataBANK0    00051
_callback_pressed                              dataBANK0    00053
_callback_sampled                              dataBANK0    00059
_currentScannSensor                            bssBANK0     00047
_duty                                          bssBANK0     00041
_eusartRxLastError                             bssBANK0     00043
_led                                           bssBANK0     0003F
_lowpowerActivated                             bssBANK0     00044
_main                                          maintext     003CA
_memcpy                                        text10       00128
_mtouch_button                                 (abs)        020C6
_mtouch_button_init                            stringtext1  00800
_mtouch_sensor                                 (abs)        0206C
_mtouch_time_toScan                            bssBANK0     00049
_packet_counter                                bssBANK0     00046
_packet_sample                                 bssBANK0     0003D
_sample_delay                                  bssBANK0     00045
_sensor_globalFlags                            bssBANK0     00048
abs@a                                          cstackCOMMON 00070
btemp                                          (abs)        0007E
clear_ram0                                     clrtext      00BB3
end_of_initialization                          cinit        007FD
init_ram                                       inittext     00BBF
intlevel0                                      functab      00000
intlevel1                                      functab      00000
intlevel2                                      functab      00000
intlevel3                                      functab      00000
intlevel4                                      functab      00000
intlevel5                                      functab      00000
main@i                                         cstackBANK0  00036
memcpy@d                                       cstackCOMMON 00077
memcpy@d1                                      cstackCOMMON 00070
memcpy@n                                       cstackCOMMON 00074
memcpy@s                                       cstackCOMMON 00079
memcpy@s1                                      cstackCOMMON 00072
memcpy@tmp                                     cstackCOMMON 0007B
reset_vec                                      reset_vec    00000
start                                          init         00002
start_initialization                           cinit        007CB
wtemp0                                         (abs)        0007E


FUNCTION INFORMATION:

 *************** function _main *****************
 Defined at:
		line 49 in file "main.c"
 Parameters:    Size  Location     Type
		None
 Auto vars:     Size  Location     Type
  i               1   22[BANK0 ] unsigned char 
  last_touch      1    0        unsigned char 
 Return value:  Size  Location     Type
                  1    wreg      void 
 Registers used:
		wreg, fsr0l, fsr0h, fsr1l, fsr1h, status,2, status,0, pclath, cstack
 Tracked objects:
		On entry : 
		On exit  : 
		Unchanged: 
 Data sizes:     COMMON   BANK0   BANK1   BANK2   BANK3   BANK4
      Params:         0       0       0       0       0       0
      Locals:         0       1       0       0       0       0
      Temps:          0       1       0       0       0       0
      Totals:         0       2       0       0       0       0
Total ram usage:        2 bytes
 Hardware stack levels required when called:    7
 This function calls:
		_DELAY_microseconds
		_EUSART_Write
		_EUSART_is_tx_ready
		_MTOUCH_Button_isPressed
		_MTOUCH_Service_Mainloop
		_SYSTEM_Initialize
 This function is called by:
		Startup code after reset
 This function uses a non-reentrant model


 *************** function _SYSTEM_Initialize *****************
 Defined at:
[...]
		_MTOUCH_Button_InitializeAll
		_Button_Service
		_Button_State_NotPressed
		_Button_State_Pressed
 This function uses a non-reentrant model


 *************** function _MTOUCH_Sensor_Calibrate *****************
 Defined at:
		line 543 in file "mcc_generated_files/mtouch/mtouch_sensor.c"
 Parameters:    Size  Location     Type
  sensor          1    wreg     enum E2470
 Auto vars:     Size  Location     Type
  sensor          1    0[COMMON] enum E2470
 Return value:  Size  Location     Type
                  1    wreg      void 
 Registers used:
		wreg
 Tracked objects:
		On entry : 
		On exit  : 
		Unchanged: 
 Data sizes:     COMMON   BANK0   BANK1   BANK2   BANK3   BANK4
      Params:         0       0       0       0       0       0
      Locals:         0       0       0       0       0       0
      Temps:          0       0       0       0       0       0
      Totals:         0       0       0       0       0       0
Total ram usage:        0 bytes
 Hardware stack levels used:    1
 This function calls:
		Nothing
 This function is called by:
		_MTOUCH_Button_Initialize
 This function uses a non-reentrant model


 *************** function _Button_DefaultCallback *****************
 Defined at:
		line 604 in file "mcc_generated_files/mtouch/mtouch_button.c"
 Parameters:    Size  Location     Type
  button          1    0[COMMON] enum E2696
 Auto vars:     Size  Location     Type
		None
 Return value:  Size  Location     Type
                  1    wreg      void 
 Registers used:
		None
 Tracked objects:
		On entry : 
		On exit  : 
		Unchanged: 
 Data sizes:     COMMON   BANK0   BANK1   BANK2   BANK3   BANK4
      Params:         1       0       0       0       0       0
      Locals:         0       0       0       0       0       0
      Temps:          0       0       0       0       0       0
      Totals:         1       0       0       0       0       0
Total ram usage:        1 bytes
 Hardware stack levels used:    1
 This function calls:
		Nothing
 This function is called by:
		_Button_State_NotPressed
		_Button_State_Pressed
 This function uses a non-reentrant model


 *************** function _Button_Baseline_Update *****************
 Defined at:
		line 558 in file "mcc_generated_files/mtouch/mtouch_button.c"
 Parameters:    Size  Location     Type
  button          2    0[COMMON] PTR struct .
		 -> mtouch_button(170), 
 Auto vars:     Size  Location     Type
		None
 Return value:  Size  Location     Type
                  1    wreg      void 
 Registers used:
		wreg, fsr1l, fsr1h, status,2, status,0
 Tracked objects:
		On entry : 
		On exit  : 
		Unchanged: 
 Data sizes:     COMMON   BANK0   BANK1   BANK2   BANK3   BANK4
      Params:         2       0       0       0       0       0
      Locals:         0       0       0       0       0       0
      Temps:          6       0       0       0       0       0
      Totals:         8       0       0       0       0       0
Total ram usage:        8 bytes
 Hardware stack levels used:    1
 This function calls:
		Nothing
 This function is called by:
		_Button_State_Initializing
		_Button_State_NotPressed
 This function uses a non-reentrant model


 *************** function _Button_Baseline_Initialize *****************
 Defined at:
		line 552 in file "mcc_generated_files/mtouch/mtouch_button.c"
 Parameters:    Size  Location     Type
  button          2    0[BANK0 ] PTR struct .
		 -> mtouch_button(170), 
 Auto vars:     Size  Location     Type
		None
 Return value:  Size  Location     Type
                  1    wreg      void 
 Registers used:
		wreg, fsr1l, fsr1h, status,2, status,0, pclath, cstack
 Tracked objects:
		On entry : 
		On exit  : 
		Unchanged: 
 Data sizes:     COMMON   BANK0   BANK1   BANK2   BANK3   BANK4
      Params:         0       2       0       0       0       0
      Locals:         0       0       0       0       0       0
      Temps:          0       4       0       0       0       0
      Totals:         0       6       0       0       0       0
Total ram usage:        6 bytes
 Hardware stack levels used:    1
 Hardware stack levels required when called:    2
 This function calls:
		_MTOUCH_Sensor_RawSample_Get
 This function is called by:
		_Button_State_Initializing
 This function uses a non-reentrant model


 *************** function _Button_Reading_Update *****************
 Defined at:
		line 525 in file "mcc_generated_files/mtouch/mtouch_button.c"
 Parameters:    Size  Location     Type
  button          2    4[BANK0 ] PTR struct .
		 -> mtouch_button(170), 
 Auto vars:     Size  Location     Type
		None
 Return value:  Size  Location     Type
                  1    wreg      void 
 Registers used:
		wreg, fsr1l, fsr1h, status,2, status,0, pclath, cstack
 Tracked objects:
		On entry : 
		On exit  : 
		Unchanged: 
 Data sizes:     COMMON   BANK0   BANK1   BANK2   BANK3   BANK4
      Params:         0       2       0       0       0       0
      Locals:         0       0       0       0       0       0
      Temps:          0       0       0       0       0       0
      Totals:         0       2       0       0       0       0
Total ram usage:        2 bytes
 Hardware stack levels used:    1
 Hardware stack levels required when called:    3
 This function calls:
		_Button_Reading_Update_Helper
 This function is called by:
		_Button_Service
 This function uses a non-reentrant model


 *************** function _Button_Reading_Update_Helper *****************
 Defined at:
		line 539 in file "mcc_generated_files/mtouch/mtouch_button.c"
 Parameters:    Size  Location     Type
  button          2    0[BANK0 ] PTR struct .
		 -> mtouch_button(170), 
 Auto vars:     Size  Location     Type
		None
 Return value:  Size  Location     Type
                  1    wreg      void 
 Registers used:
		wreg, fsr1l, fsr1h, status,2, status,0, pclath, cstack
 Tracked objects:
		On entry : 
		On exit  : 
		Unchanged: 
 Data sizes:     COMMON   BANK0   BANK1   BANK2   BANK3   BANK4
      Params:         0       2       0       0       0       0
      Locals:         0       0       0       0       0       0
      Temps:          0       2       0       0       0       0
      Totals:         0       4       0       0       0       0
Total ram usage:        4 bytes
 Hardware stack levels used:    1
 Hardware stack levels required when called:    2
 This function calls:
		_MTOUCH_Sensor_RawSample_Get
 This function is called by:
		_Button_Reading_Update
 This function uses a non-reentrant model


 *************** function _MTOUCH_Sensor_RawSample_Get *****************
 Defined at:
		line 428 in file "mcc_generated_files/mtouch/mtouch_sensor.c"
 Parameters:    Size  Location     Type
  name            1    wreg     enum E2470
 Auto vars:     Size  Location     Type
  name            1   12[COMMON] enum E2470
 Return value:  Size  Location     Type
                  2    6[COMMON] unsigned short 
 Registers used:
		wreg, fsr1l, fsr1h, status,2, status,0, pclath, cstack
 Tracked objects:
		On entry : 
		On exit  : 
		Unchanged: 
 Data sizes:     COMMON   BANK0   BANK1   BANK2   BANK3   BANK4
      Params:         2       0       0       0       0       0
      Locals:         1       0       0       0       0       0
      Temps:          4       0       0       0       0       0
      Totals:         7       0       0       0       0       0
Total ram usage:        7 bytes
 Hardware stack levels used:    1
 Hardware stack levels required when called:    1
 This function calls:
		___wmul
 This function is called by:
		_Button_Reading_Update_Helper
		_Button_Baseline_Initialize
 This function uses a non-reentrant model


 *************** function _Button_Deviation_Update *****************
 Defined at:
		line 476 in file "mcc_generated_files/mtouch/mtouch_button.c"
 Parameters:    Size  Location     Type
  button          2    0[COMMON] PTR struct .
		 -> mtouch_button(170), 
 Auto vars:     Size  Location     Type
  deviation       4    0[BANK0 ] long 
 Return value:  Size  Location     Type
                  1    wreg      void 
 Registers used:
		wreg, fsr1l, fsr1h, status,2, status,0
 Tracked objects:
		On entry : 
		On exit  : 
		Unchanged: 
 Data sizes:     COMMON   BANK0   BANK1   BANK2   BANK3   BANK4
      Params:         2       0       0       0       0       0
      Locals:         0       4       0       0       0       0
      Temps:         10       0       0       0       0       0
      Totals:        12       4       0       0       0       0
Total ram usage:       16 bytes
 Hardware stack levels used:    1
 This function calls:
		Nothing
 This function is called by:
		_Button_Service
 This function uses a non-reentrant model


 *************** function _MTOUCH_Button_isPressed *****************
 Defined at:
		line 451 in file "mcc_generated_files/mtouch/mtouch_button.c"
 Parameters:    Size  Location     Type
  name            1    wreg     enum E2696
 Auto vars:     Size  Location     Type
  name            1   10[COMMON] enum E2696
 Return value:  Size  Location     Type
                  1    wreg      _Bool 
 Registers used:
		wreg, fsr1l, fsr1h, status,2, status,0, pclath, cstack
 Tracked objects:
		On entry : 
		On exit  : 
		Unchanged: 
 Data sizes:     COMMON   BANK0   BANK1   BANK2   BANK3   BANK4
      Params:         0       0       0       0       0       0
      Locals:         1       0       0       0       0       0
      Temps:          4       0       0       0       0       0
      Totals:         5       0       0       0       0       0
Total ram usage:        5 bytes
 Hardware stack levels used:    1
 Hardware stack levels required when called:    1
 This function calls:
		___wmul
 This function is called by:
		_main
		_touch_example
		_MTOUCH_Button_Buttonmask_Get
 This function uses a non-reentrant model


 *************** function ___wmul *****************
 Defined at:
		line 15 in file "/Applications/microchip/xc8/v2.10/pic/sources/c99/common/Umul16.c"
 Parameters:    Size  Location     Type
  multiplier      2    0[COMMON] unsigned int 
  multiplicand    2    2[COMMON] unsigned int 
 Auto vars:     Size  Location     Type
  product         2    4[COMMON] unsigned int 
 Return value:  Size  Location     Type
                  2    0[COMMON] unsigned int 
 Registers used:
		wreg, status,2, status,0
 Tracked objects:
		On entry : 
		On exit  : 
		Unchanged: 
 Data sizes:     COMMON   BANK0   BANK1   BANK2   BANK3   BANK4
      Params:         4       0       0       0       0       0
      Locals:         2       0       0       0       0       0
      Temps:          0       0       0       0       0       0
      Totals:         6       0       0       0       0       0
Total ram usage:        6 bytes
 Hardware stack levels used:    1
 This function calls:
		Nothing
 This function is called by:
		_MTOUCH_Sensor_Initialize
		_Sensor_Service
		_Sensor_Acq_ExecuteScan
		_MTOUCH_Sensor_RawSample_Get
		_MTOUCH_Sensor_Enable
		_MTOUCH_Sensor_wasSampled
		_MTOUCH_Button_Initialize
		_Button_Service
		_MTOUCH_Button_Tick
		_MTOUCH_Button_isPressed
		_MTOUCH_Sensor_isAnySensorActive
		_MTOUCH_Sensor_Disable
		_MTOUCH_Sensor_Oversampling_Get
		_MTOUCH_Sensor_Oversampling_Set
		_MTOUCH_Button_Threshold_Set
		_MTOUCH_Button_Scaling_Set
		_MTOUCH_Button_Oversampling_Get
		_MTOUCH_Button_Oversampling_Set
		_Button_Baseline_Get_helper
 This function uses a non-reentrant model


 *************** function _EUSART_is_tx_ready *****************
 Defined at:
		line 94 in file "mcc_generated_files/eusart.c"
 Parameters:    Size  Location     Type
		None
 Auto vars:     Size  Location     Type
		None
 Return value:  Size  Location     Type
                  1    wreg      _Bool 
 Registers used:
		wreg, status,2
 Tracked objects:
		On entry : 
		On exit  : 
		Unchanged: 
 Data sizes:     COMMON   BANK0   BANK1   BANK2   BANK3   BANK4
      Params:         0       0       0       0       0       0
      Locals:         1       0       0       0       0       0
      Temps:          0       0       0       0       0       0
      Totals:         1       0       0       0       0       0
Total ram usage:        1 bytes
 Hardware stack levels used:    1
 This function calls:
		Nothing
 This function is called by:
		_main
 This function uses a non-reentrant model


 *************** function _EUSART_Write *****************
 Defined at:
		line 132 in file "mcc_generated_files/eusart.c"
 Parameters:    Size  Location     Type
  txData          1    wreg     unsigned char 
 Auto vars:     Size  Location     Type
  txData          1    0[COMMON] unsigned char 
 Return value:  Size  Location     Type
                  1    wreg      void 
 Registers used:
		wreg
 Tracked objects:
		On entry : 
		On exit  : 
		Unchanged: 
 Data sizes:     COMMON   BANK0   BANK1   BANK2   BANK3   BANK4
      Params:         0       0       0       0       0       0
      Locals:         1       0       0       0       0       0
      Temps:          0       0       0       0       0       0
      Totals:         1       0       0       0       0       0
Total ram usage:        1 bytes
 Hardware stack levels used:    1
 This function calls:
		Nothing
 This function is called by:
		_main
 This function uses a non-reentrant model


 *************** function _DELAY_microseconds *****************
 Defined at:
		line 33 in file "mcc_generated_files/delay.c"
 Parameters:    Size  Location     Type
  microseconds    2    0[COMMON] unsigned short 
 Auto vars:     Size  Location     Type
		None
 Return value:  Size  Location     Type
                  1    wreg      void 
 Registers used:
		wreg, status,2, status,0
 Tracked objects:
		On entry : 
		On exit  : 
		Unchanged: 
 Data sizes:     COMMON   BANK0   BANK1   BANK2   BANK3   BANK4
      Params:         2       0       0       0       0       0
      Locals:         0       0       0       0       0       0
      Temps:          0       0       0       0       0       0
      Totals:         2       0       0       0       0       0
Total ram usage:        2 bytes
 Hardware stack levels used:    1
 This function calls:
		Nothing
 This function is called by:
		_main
 This function uses a non-reentrant model



MODULE INFORMATION

Module		Function		Class		Link	Load	Size
mcc_generated_files/mtouch/mtouch_button.c
		_Button_Deviation_Update		CODE           	05FE	0000	142
		_MTOUCH_Button_isPressed		CODE           	00D4	0000	43
		_MTOUCH_Button_Initialize		CODE           	01B0	0000	73
		_Button_Tick_helper		CODE           	00FE	0000	43
		_MTOUCH_Button_InitializeAll		CODE           	0F9C	0000	34
		_Button_Baseline_Update		CODE           	068B	0000	145
		_Button_State_Pressed		CODE           	0587	0000	120
		_Button_Reading_Update		CODE           	0C76	0000	25
		_Button_DefaultCallback		CODE           	0B5C	0000	2
		_MTOUCH_Button_Tick		CODE           	00AB	0000	42
		_Button_State_NotPressed		CODE           	071B	0000	177
		_Button_Reading_Update_Helper		CODE           	01F8	0000	86
		_Button_Service		CODE           	0435	0000	113
		_Button_State_Initializing		CODE           	04A5	0000	114
		_MTOUCH_Button_ServiceAll		CODE           	0C27	0000	19
		_Button_Baseline_Initialize		CODE           	0181	0000	48

mcc_generated_files/mtouch/mtouch_button.c estimated size: 1226

/Applications/microchip/xc8/v2.10/pic/sources/c99/common/abs.c
		_abs           		CODE           	0C8E	0000	27

/Applications/microchip/xc8/v2.10/pic/sources/c99/common/abs.c estimated size: 27

mcc_generated_files/mtouch/mtouch.c
		_MTOUCH_Tick   		CODE           	0B62	0000	5
		_MTOUCH_Initialize		CODE           	0BCB	0000	14
		_MTOUCH_Service_Mainloop		CODE           	0CFD	0000	32
		_MTOUCH_needReburst		CODE           	0B60	0000	3

mcc_generated_files/mtouch/mtouch.c estimated size: 54

mcc_generated_files/pin_manager.c
		_PIN_MANAGER_Initialize		CODE           	0005	0000	21

mcc_generated_files/pin_manager.c estimated size: 21

mcc_generated_files/mtouch/mtouch_sensor_scan.c
		_MTOUCH_CVD_ScanA_0		CODE           	0D3C	0000	33
		_MTOUCH_CVD_ScanB_0		CODE           	0E7C	0000	33
		_MTOUCH_CVD_ScanA_1		CODE           	0D5C	0000	33
		_MTOUCH_CVD_ScanB_1		CODE           	0E9C	0000	33
		_MTOUCH_CVD_ScanA_2		CODE           	0D7C	0000	33
		_MTOUCH_CVD_ScanB_2		CODE           	0EBC	0000	33
		_MTOUCH_CVD_ScanA_3		CODE           	0D9C	0000	33
		_MTOUCH_CVD_ScanB_3		CODE           	0EDC	0000	33
		_MTOUCH_CVD_ScanA_4		CODE           	0DBC	0000	33
		_MTOUCH_CVD_ScanB_4		CODE           	0EFC	0000	33
		_MTOUCH_CVD_ScanA_5		CODE           	0DDC	0000	33
		_MTOUCH_CVD_ScanB_5		CODE           	0F1C	0000	33
		_MTOUCH_CVD_ScanA_6		CODE           	0DFC	0000	33
		_MTOUCH_CVD_ScanB_6		CODE           	0F3C	0000	33
		_MTOUCH_CVD_ScanA_7		CODE           	0E1C	0000	33
		_MTOUCH_CVD_ScanB_7		CODE           	0F5C	0000	33
		_MTOUCH_CVD_ScanA_8		CODE           	0E3C	0000	33
		_MTOUCH_CVD_ScanB_8		CODE           	0F7C	0000	33
		_MTOUCH_CVD_ScanA_9		CODE           	0D1C	0000	33
		_MTOUCH_CVD_ScanB_9		CODE           	0E5C	0000	33

mcc_generated_files/mtouch/mtouch_sensor_scan.c estimated size: 660

/Applications/microchip/xc8/v2.10/pic/sources/c99/common/memcpy.c
		_memcpy        		CODE           	0128	0000	45

/Applications/microchip/xc8/v2.10/pic/sources/c99/common/memcpy.c estimated size: 45

/Applications/microchip/xc8/v2.10/pic/sources/c99/common/Umul16.c
		___wmul        		CODE           	0CDE	0000	32

/Applications/microchip/xc8/v2.10/pic/sources/c99/common/Umul16.c estimated size: 32

shared
		__initialization		CODE           	07CB	0000	51
		_mtouch_button_init		STRCODE        	0800	0000	171

shared estimated size: 222

mcc_generated_files/mcc.c
		_WDT_Initialize		CODE           	0B66	0000	5
		_OSCILLATOR_Initialize		CODE           	0BA7	0000	13
		_SYSTEM_Initialize		CODE           	0C07	0000	17

mcc_generated_files/mcc.c estimated size: 35

mcc_generated_files/delay.c
		_DELAY_microseconds		CODE           	003C	0000	37

mcc_generated_files/delay.c estimated size: 37

mcc_generated_files/eusart.c
		_EUSART_Write  		CODE           	0B9D	0000	11
		_EUSART_Initialize		CODE           	0FDE	0000	35
		_EUSART_SetFramingErrorHandler		CODE           	0B75	0000	7
		_EUSART_SetErrorHandler		CODE           	0B6F	0000	7
		_EUSART_SetOverrunErrorHandler		CODE           	0B7B	0000	7
		_EUSART_is_tx_ready		CODE           	0BD8	0000	16

mcc_generated_files/eusart.c estimated size: 83

main.c
		_main          		CODE           	03CA	0000	108

main.c estimated size: 108

mcc_generated_files/mtouch/mtouch_random.c
		_MTOUCH_Random 		CODE           	0C60	0000	23

mcc_generated_files/mtouch/mtouch_random.c estimated size: 23

mcc_generated_files/mtouch/mtouch_sensor.c
		_Sensor_Acq_ExecutePacket		CODE           	02FC	0000	102
		_MTOUCH_Delay  		CODE           	0C39	0000	20
		_Sensor_Acquisition		CODE           	024D	0000	86
		_MTOUCH_Sensor_Initialize		CODE           	0019	0000	36
		_Sensor_Sampled_Reset		CODE           	0B96	0000	8
		_MTOUCH_Sensor_InitializeAll		CODE           	0BF7	0000	17
		_Sensor_DefaultCallback		CODE           	0004	0000	2
		_Sensor_isEnabled		CODE           	0BE7	0000	17
		_MTOUCH_Sensor_isCalibrated		CODE           	0B5E	0000	3
		_MTOUCH_Sensor_Calibrate		CODE           	0B5D	0000	2
		_MTOUCH_Sensor_Sampled_ResetAll		CODE           	0154	0000	46
		_Sensor_setActive		CODE           	0B81	0000	8
		_MTOUCH_Sensor_Enable		CODE           	0FBD	0000	34
		_Sensor_Acq_ExecuteScan		CODE           	0361	0000	106
		_Sensor_setSampled		CODE           	0B8F	0000	8
		_MTOUCH_Sensor_RawSample_Get		CODE           	0084	0000	40
		_MTOUCH_Sensor_SampleAll		CODE           	0CA8	0000	27
		_MTOUCH_Sensor_wasSampled		CODE           	0060	0000	37
		_Sensor_Service		CODE           	0516	0000	114
		_Sensor_setScanFunction		CODE           	0C4C	0000	21
		_MTOUCH_Sensor_Scan_Initialize		CODE           	0B6A	0000	6
		_Sensor_RawSample_Update		CODE           	0CC2	0000	29
		_Sensor_setInactive		CODE           	0B88	0000	8

mcc_generated_files/mtouch/mtouch_sensor.c estimated size: 777

